Archive member included to satisfy reference by file (symbol)

C:/ST/STM32CubeIDE_1.13.2/STM32CubeIDE/plugins/com.st.stm32cube.ide.mcu.externaltools.gnu-tools-for-stm32.11.3.rel1.win32_1.1.1.202309131626/tools/bin/../lib/gcc/arm-none-eabi/11.3.1/../../../../arm-none-eabi/lib/thumb/v7e-m+fp/hard\libc_nano.a(libc_a-exit.o)
                              C:/ST/STM32CubeIDE_1.13.2/STM32CubeIDE/plugins/com.st.stm32cube.ide.mcu.externaltools.gnu-tools-for-stm32.11.3.rel1.win32_1.1.1.202309131626/tools/bin/../lib/gcc/arm-none-eabi/11.3.1/../../../../arm-none-eabi/lib/thumb/v7e-m+fp/hard/crt0.o (exit)
C:/ST/STM32CubeIDE_1.13.2/STM32CubeIDE/plugins/com.st.stm32cube.ide.mcu.externaltools.gnu-tools-for-stm32.11.3.rel1.win32_1.1.1.202309131626/tools/bin/../lib/gcc/arm-none-eabi/11.3.1/../../../../arm-none-eabi/lib/thumb/v7e-m+fp/hard\libc_nano.a(libc_a-findfp.o)
                              C:/ST/STM32CubeIDE_1.13.2/STM32CubeIDE/plugins/com.st.stm32cube.ide.mcu.externaltools.gnu-tools-for-stm32.11.3.rel1.win32_1.1.1.202309131626/tools/bin/../lib/gcc/arm-none-eabi/11.3.1/../../../../arm-none-eabi/lib/thumb/v7e-m+fp/hard\libc_nano.a(libc_a-exit.o) (__stdio_exit_handler)
C:/ST/STM32CubeIDE_1.13.2/STM32CubeIDE/plugins/com.st.stm32cube.ide.mcu.externaltools.gnu-tools-for-stm32.11.3.rel1.win32_1.1.1.202309131626/tools/bin/../lib/gcc/arm-none-eabi/11.3.1/../../../../arm-none-eabi/lib/thumb/v7e-m+fp/hard\libc_nano.a(libc_a-fwalk.o)
                              C:/ST/STM32CubeIDE_1.13.2/STM32CubeIDE/plugins/com.st.stm32cube.ide.mcu.externaltools.gnu-tools-for-stm32.11.3.rel1.win32_1.1.1.202309131626/tools/bin/../lib/gcc/arm-none-eabi/11.3.1/../../../../arm-none-eabi/lib/thumb/v7e-m+fp/hard\libc_nano.a(libc_a-findfp.o) (_fwalk_sglue)
C:/ST/STM32CubeIDE_1.13.2/STM32CubeIDE/plugins/com.st.stm32cube.ide.mcu.externaltools.gnu-tools-for-stm32.11.3.rel1.win32_1.1.1.202309131626/tools/bin/../lib/gcc/arm-none-eabi/11.3.1/../../../../arm-none-eabi/lib/thumb/v7e-m+fp/hard\libc_nano.a(libc_a-stdio.o)
                              C:/ST/STM32CubeIDE_1.13.2/STM32CubeIDE/plugins/com.st.stm32cube.ide.mcu.externaltools.gnu-tools-for-stm32.11.3.rel1.win32_1.1.1.202309131626/tools/bin/../lib/gcc/arm-none-eabi/11.3.1/../../../../arm-none-eabi/lib/thumb/v7e-m+fp/hard\libc_nano.a(libc_a-findfp.o) (__sread)
C:/ST/STM32CubeIDE_1.13.2/STM32CubeIDE/plugins/com.st.stm32cube.ide.mcu.externaltools.gnu-tools-for-stm32.11.3.rel1.win32_1.1.1.202309131626/tools/bin/../lib/gcc/arm-none-eabi/11.3.1/../../../../arm-none-eabi/lib/thumb/v7e-m+fp/hard\libc_nano.a(libc_a-memset.o)
                              C:/ST/STM32CubeIDE_1.13.2/STM32CubeIDE/plugins/com.st.stm32cube.ide.mcu.externaltools.gnu-tools-for-stm32.11.3.rel1.win32_1.1.1.202309131626/tools/bin/../lib/gcc/arm-none-eabi/11.3.1/../../../../arm-none-eabi/lib/thumb/v7e-m+fp/hard/crt0.o (memset)
C:/ST/STM32CubeIDE_1.13.2/STM32CubeIDE/plugins/com.st.stm32cube.ide.mcu.externaltools.gnu-tools-for-stm32.11.3.rel1.win32_1.1.1.202309131626/tools/bin/../lib/gcc/arm-none-eabi/11.3.1/../../../../arm-none-eabi/lib/thumb/v7e-m+fp/hard\libc_nano.a(libc_a-closer.o)
                              C:/ST/STM32CubeIDE_1.13.2/STM32CubeIDE/plugins/com.st.stm32cube.ide.mcu.externaltools.gnu-tools-for-stm32.11.3.rel1.win32_1.1.1.202309131626/tools/bin/../lib/gcc/arm-none-eabi/11.3.1/../../../../arm-none-eabi/lib/thumb/v7e-m+fp/hard\libc_nano.a(libc_a-stdio.o) (_close_r)
C:/ST/STM32CubeIDE_1.13.2/STM32CubeIDE/plugins/com.st.stm32cube.ide.mcu.externaltools.gnu-tools-for-stm32.11.3.rel1.win32_1.1.1.202309131626/tools/bin/../lib/gcc/arm-none-eabi/11.3.1/../../../../arm-none-eabi/lib/thumb/v7e-m+fp/hard\libc_nano.a(libc_a-reent.o)
                              C:/ST/STM32CubeIDE_1.13.2/STM32CubeIDE/plugins/com.st.stm32cube.ide.mcu.externaltools.gnu-tools-for-stm32.11.3.rel1.win32_1.1.1.202309131626/tools/bin/../lib/gcc/arm-none-eabi/11.3.1/../../../../arm-none-eabi/lib/thumb/v7e-m+fp/hard\libc_nano.a(libc_a-closer.o) (errno)
C:/ST/STM32CubeIDE_1.13.2/STM32CubeIDE/plugins/com.st.stm32cube.ide.mcu.externaltools.gnu-tools-for-stm32.11.3.rel1.win32_1.1.1.202309131626/tools/bin/../lib/gcc/arm-none-eabi/11.3.1/../../../../arm-none-eabi/lib/thumb/v7e-m+fp/hard\libc_nano.a(libc_a-impure.o)
                              C:/ST/STM32CubeIDE_1.13.2/STM32CubeIDE/plugins/com.st.stm32cube.ide.mcu.externaltools.gnu-tools-for-stm32.11.3.rel1.win32_1.1.1.202309131626/tools/bin/../lib/gcc/arm-none-eabi/11.3.1/../../../../arm-none-eabi/lib/thumb/v7e-m+fp/hard\libc_nano.a(libc_a-reent.o) (_impure_ptr)
C:/ST/STM32CubeIDE_1.13.2/STM32CubeIDE/plugins/com.st.stm32cube.ide.mcu.externaltools.gnu-tools-for-stm32.11.3.rel1.win32_1.1.1.202309131626/tools/bin/../lib/gcc/arm-none-eabi/11.3.1/../../../../arm-none-eabi/lib/thumb/v7e-m+fp/hard\libc_nano.a(libc_a-lseekr.o)
[...]
Memory Configuration

Name             Origin             Length             Attributes
CCMRAM           0x0000000010000000 0x0000000000010000 xrw
RAM              0x0000000020000000 0x0000000000020000 xrw
FLASH            0x0000000008000000 0x0000000000100000 xr
*default*        0x0000000000000000 0xffffffffffffffff

Linker script and memory map

LOAD C:/ST/STM32CubeIDE_1.13.2/STM32CubeIDE/plugins/com.st.stm32cube.ide.mcu.externaltools.gnu-tools-for-stm32.11.3.rel1.win32_1.1.1.202309131626/tools/bin/../lib/gcc/arm-none-eabi/11.3.1/thumb/v7e-m+fp/hard/crti.o
LOAD C:/ST/STM32CubeIDE_1.13.2/STM32CubeIDE/plugins/com.st.stm32cube.ide.mcu.externaltools.gnu-tools-for-stm32.11.3.rel1.win32_1.1.1.202309131626/tools/bin/../lib/gcc/arm-none-eabi/11.3.1/thumb/v7e-m+fp/hard/crtbegin.o
LOAD C:/ST/STM32CubeIDE_1.13.2/STM32CubeIDE/plugins/com.st.stm32cube.ide.mcu.externaltools.gnu-tools-for-stm32.11.3.rel1.win32_1.1.1.202309131626/tools/bin/../lib/gcc/arm-none-eabi/11.3.1/../../../../arm-none-eabi/lib/thumb/v7e-m+fp/hard/crt0.o
LOAD ./Core/Src/dma.o
LOAD ./Core/Src/gpio.o
LOAD ./Core/Src/main.o
LOAD ./Core/Src/stm32f4xx_hal_msp.o
LOAD ./Core/Src/stm32f4xx_it.o
LOAD ./Core/Src/syscalls.o
LOAD ./Core/Src/sysmem.o
LOAD ./Core/Src/system_stm32f4xx.o
LOAD ./Core/Src/tim.o
LOAD ./Core/Src/usart.o
LOAD ./Core/Startup/startup_stm32f407vgtx.o
LOAD ./Drivers/STM32F4xx_HAL_Driver/Src/stm32f4xx_hal.o
LOAD ./Drivers/STM32F4xx_HAL_Driver/Src/stm32f4xx_hal_cortex.o
LOAD ./Drivers/STM32F4xx_HAL_Driver/Src/stm32f4xx_hal_dma.o
LOAD ./Drivers/STM32F4xx_HAL_Driver/Src/stm32f4xx_hal_dma_ex.o
LOAD ./Drivers/STM32F4xx_HAL_Driver/Src/stm32f4xx_hal_exti.o
LOAD ./Drivers/STM32F4xx_HAL_Driver/Src/stm32f4xx_hal_flash.o
LOAD ./Drivers/STM32F4xx_HAL_Driver/Src/stm32f4xx_hal_flash_ex.o
LOAD ./Drivers/STM32F4xx_HAL_Driver/Src/stm32f4xx_hal_flash_ramfunc.o
LOAD ./Drivers/STM32F4xx_HAL_Driver/Src/stm32f4xx_hal_gpio.o
LOAD ./Drivers/STM32F4xx_HAL_Driver/Src/stm32f4xx_hal_pwr.o
LOAD ./Drivers/STM32F4xx_HAL_Driver/Src/stm32f4xx_hal_pwr_ex.o
LOAD ./Drivers/STM32F4xx_HAL_Driver/Src/stm32f4xx_hal_rcc.o
LOAD ./Drivers/STM32F4xx_HAL_Driver/Src/stm32f4xx_hal_rcc_ex.o
LOAD ./Drivers/STM32F4xx_HAL_Driver/Src/stm32f4xx_hal_tim.o
LOAD ./Drivers/STM32F4xx_HAL_Driver/Src/stm32f4xx_hal_tim_ex.o
LOAD ./Drivers/STM32F4xx_HAL_Driver/Src/stm32f4xx_hal_uart.o
START GROUP
LOAD C:/ST/STM32CubeIDE_1.13.2/STM32CubeIDE/plugins/com.st.stm32cube.ide.mcu.externaltools.gnu-tools-for-stm32.11.3.rel1.win32_1.1.1.202309131626/tools/bin/../lib/gcc/arm-none-eabi/11.3.1/../../../../arm-none-eabi/lib/thumb/v7e-m+fp/hard\libc_nano.a
LOAD C:/ST/STM32CubeIDE_1.13.2/STM32CubeIDE/plugins/com.st.stm32cube.ide.mcu.externaltools.gnu-tools-for-stm32.11.3.rel1.win32_1.1.1.202309131626/tools/bin/../lib/gcc/arm-none-eabi/11.3.1/../../../../arm-none-eabi/lib/thumb/v7e-m+fp/hard\libm.a
END GROUP
START GROUP
LOAD C:/ST/STM32CubeIDE_1.13.2/STM32CubeIDE/plugins/com.st.stm32cube.ide.mcu.externaltools.gnu-tools-for-stm32.11.3.rel1.win32_1.1.1.202309131626/tools/bin/../lib/gcc/arm-none-eabi/11.3.1/thumb/v7e-m+fp/hard\libgcc.a
LOAD C:/ST/STM32CubeIDE_1.13.2/STM32CubeIDE/plugins/com.st.stm32cube.ide.mcu.externaltools.gnu-tools-for-stm32.11.3.rel1.win32_1.1.1.202309131626/tools/bin/../lib/gcc/arm-none-eabi/11.3.1/../../../../arm-none-eabi/lib/thumb/v7e-m+fp/hard\libc_nano.a
END GROUP
START GROUP
LOAD C:/ST/STM32CubeIDE_1.13.2/STM32CubeIDE/plugins/com.st.stm32cube.ide.mcu.externaltools.gnu-tools-for-stm32.11.3.rel1.win32_1.1.1.202309131626/tools/bin/../lib/gcc/arm-none-eabi/11.3.1/thumb/v7e-m+fp/hard\libgcc.a
LOAD C:/ST/STM32CubeIDE_1.13.2/STM32CubeIDE/plugins/com.st.stm32cube.ide.mcu.externaltools.gnu-tools-for-stm32.11.3.rel1.win32_1.1.1.202309131626/tools/bin/../lib/gcc/arm-none-eabi/11.3.1/../../../../arm-none-eabi/lib/thumb/v7e-m+fp/hard\libc_nano.a
LOAD C:/ST/STM32CubeIDE_1.13.2/STM32CubeIDE/plugins/com.st.stm32cube.ide.mcu.externaltools.gnu-tools-for-stm32.11.3.rel1.win32_1.1.1.202309131626/tools/bin/../lib/gcc/arm-none-eabi/11.3.1/../../../../arm-none-eabi/lib/thumb/v7e-m+fp/hard\libnosys.a
END GROUP
START GROUP
LOAD C:/ST/STM32CubeIDE_1.13.2/STM32CubeIDE/plugins/com.st.stm32cube.ide.mcu.externaltools.gnu-tools-for-stm32.11.3.rel1.win32_1.1.1.202309131626/tools/bin/../lib/gcc/arm-none-eabi/11.3.1/thumb/v7e-m+fp/hard\libgcc.a
LOAD C:/ST/STM32CubeIDE_1.13.2/STM32CubeIDE/plugins/com.st.stm32cube.ide.mcu.externaltools.gnu-tools-for-stm32.11.3.rel1.win32_1.1.1.202309131626/tools/bin/../lib/gcc/arm-none-eabi/11.3.1/../../../../arm-none-eabi/lib/thumb/v7e-m+fp/hard\libc_nano.a
LOAD C:/ST/STM32CubeIDE_1.13.2/STM32CubeIDE/plugins/com.st.stm32cube.ide.mcu.externaltools.gnu-tools-for-stm32.11.3.rel1.win32_1.1.1.202309131626/tools/bin/../lib/gcc/arm-none-eabi/11.3.1/../../../../arm-none-eabi/lib/thumb/v7e-m+fp/hard\libnosys.a
END GROUP
LOAD C:/ST/STM32CubeIDE_1.13.2/STM32CubeIDE/plugins/com.st.stm32cube.ide.mcu.externaltools.gnu-tools-for-stm32.11.3.rel1.win32_1.1.1.202309131626/tools/bin/../lib/gcc/arm-none-eabi/11.3.1/thumb/v7e-m+fp/hard/crtend.o
LOAD C:/ST/STM32CubeIDE_1.13.2/STM32CubeIDE/plugins/com.st.stm32cube.ide.mcu.externaltools.gnu-tools-for-stm32.11.3.rel1.win32_1.1.1.202309131626/tools/bin/../lib/gcc/arm-none-eabi/11.3.1/thumb/v7e-m+fp/hard/crtn.o
                0x0000000020020000                _estack = (ORIGIN (RAM) + LENGTH (RAM))
                0x0000000000000200                _Min_Heap_Size = 0x200
                0x0000000000000400                _Min_Stack_Size = 0x400

.isr_vector     0x0000000008000000      0x188
                0x0000000008000000                . = ALIGN (0x4)
 *(.isr_vector)
 .isr_vector    0x0000000008000000      0x188 ./Core/Startup/startup_stm32f407vgtx.o
                0x0000000008000000                g_pfnVectors
                0x0000000008000188                . = ALIGN (0x4)

.text           0x0000000008000188     0x9058
                0x0000000008000188                . = ALIGN (0x4)
 *(.text)
 .text          0x0000000008000188       0x40 C:/ST/STM32CubeIDE_1.13.2/STM32CubeIDE/plugins/com.st.stm32cube.ide.mcu.externaltools.gnu-tools-for-stm32.11.3.rel1.win32_1.1.1.202309131626/tools/bin/../lib/gcc/arm-none-eabi/11.3.1/thumb/v7e-m+fp/hard/crtbegin.o
 .text          0x00000000080001c8      0x378 C:/ST/STM32CubeIDE_1.13.2/STM32CubeIDE/plugins/com.st.stm32cube.ide.mcu.externaltools.gnu-tools-for-stm32.11.3.rel1.win32_1.1.1.202309131626/tools/bin/../lib/gcc/arm-none-eabi/11.3.1/thumb/v7e-m+fp/hard\libgcc.a(_arm_addsubdf3.o)
                0x00000000080001c8                __aeabi_drsub
                0x00000000080001d0                __aeabi_dsub
                0x00000000080001d0                __subdf3
                0x00000000080001d4                __aeabi_dadd
                0x00000000080001d4                __adddf3
                0x000000000800044c                __floatunsidf
                0x000000000800044c                __aeabi_ui2d
                0x000000000800046c                __floatsidf
                0x000000000800046c                __aeabi_i2d
                0x0000000008000490                __aeabi_f2d
                0x0000000008000490                __extendsfdf2
                0x00000000080004d4                __floatundidf
                0x00000000080004d4                __aeabi_ul2d
                0x00000000080004e4                __floatdidf
                0x00000000080004e4                __aeabi_l2d
 .text          0x0000000008000540      0x424 C:/ST/STM32CubeIDE_1.13.2/STM32CubeIDE/plugins/com.st.stm32cube.ide.mcu.externaltools.gnu-tools-for-stm32.11.3.rel1.win32_1.1.1.202309131626/tools/bin/../lib/gcc/arm-none-eabi/11.3.1/thumb/v7e-m+fp/hard\libgcc.a(_arm_muldivdf3.o)
                0x0000000008000540                __aeabi_dmul
                0x0000000008000540                __muldf3
                0x0000000008000794                __divdf3
                0x0000000008000794                __aeabi_ddiv
 .text          0x0000000008000964      0x110 C:/ST/STM32CubeIDE_1.13.2/STM32CubeIDE/plugins/com.st.stm32cube.ide.mcu.externaltools.gnu-tools-for-stm32.11.3.rel1.win32_1.1.1.202309131626/tools/bin/../lib/gcc/arm-none-eabi/11.3.1/thumb/v7e-m+fp/hard\libgcc.a(_arm_cmpdf2.o)
                0x0000000008000964                __gtdf2
                0x0000000008000964                __gedf2
                0x000000000800096c                __ltdf2
                0x000000000800096c                __ledf2
                0x0000000008000974                __nedf2
                0x0000000008000974                __eqdf2
                0x0000000008000974                __cmpdf2
                0x00000000080009f0                __aeabi_cdrcmple
                0x0000000008000a00                __aeabi_cdcmpeq
                0x0000000008000a00                __aeabi_cdcmple
                0x0000000008000a10                __aeabi_dcmpeq
                0x0000000008000a24                __aeabi_dcmplt
                0x0000000008000a38                __aeabi_dcmple
                0x0000000008000a4c                __aeabi_dcmpge
                0x0000000008000a60                __aeabi_dcmpgt
 .text          0x0000000008000a74       0x50 C:/ST/STM32CubeIDE_1.13.2/STM32CubeIDE/plugins/com.st.stm32cube.ide.mcu.externaltools.gnu-tools-for-stm32.11.3.rel1.win32_1.1.1.202309131626/tools/bin/../lib/gcc/arm-none-eabi/11.3.1/thumb/v7e-m+fp/hard\libgcc.a(_arm_fixdfsi.o)
                0x0000000008000a74                __aeabi_d2iz
                0x0000000008000a74                __fixdfsi
 .text          0x0000000008000ac4       0xa0 C:/ST/STM32CubeIDE_1.13.2/STM32CubeIDE/plugins/com.st.stm32cube.ide.mcu.externaltools.gnu-tools-for-stm32.11.3.rel1.win32_1.1.1.202309131626/tools/bin/../lib/gcc/arm-none-eabi/11.3.1/thumb/v7e-m+fp/hard\libgcc.a(_arm_truncdfsf2.o)
                0x0000000008000ac4                __truncdfsf2
                0x0000000008000ac4                __aeabi_d2f
 .text          0x0000000008000b64       0x30 C:/ST/STM32CubeIDE_1.13.2/STM32CubeIDE/plugins/com.st.stm32cube.ide.mcu.externaltools.gnu-tools-for-stm32.11.3.rel1.win32_1.1.1.202309131626/tools/bin/../lib/gcc/arm-none-eabi/11.3.1/thumb/v7e-m+fp/hard\libgcc.a(_aeabi_uldivmod.o)
                0x0000000008000b64                __aeabi_uldivmod
 .text          0x0000000008000b94      0x2c8 C:/ST/STM32CubeIDE_1.13.2/STM32CubeIDE/plugins/com.st.stm32cube.ide.mcu.externaltools.gnu-tools-for-stm32.11.3.rel1.win32_1.1.1.202309131626/tools/bin/../lib/gcc/arm-none-eabi/11.3.1/thumb/v7e-m+fp/hard\libgcc.a(_udivmoddi4.o)
                0x0000000008000b94                __udivmoddi4
 .text          0x0000000008000e5c        0x4 C:/ST/STM32CubeIDE_1.13.2/STM32CubeIDE/plugins/com.st.stm32cube.ide.mcu.externaltools.gnu-tools-for-stm32.11.3.rel1.win32_1.1.1.202309131626/tools/bin/../lib/gcc/arm-none-eabi/11.3.1/thumb/v7e-m+fp/hard\libgcc.a(_dvmd_tls.o)
                0x0000000008000e5c                __aeabi_idiv0
                0x0000000008000e5c                __aeabi_ldiv0
 *(.text*)
 .text.MX_DMA_Init
                0x0000000008000e60       0x6c ./Core/Src/dma.o
                0x0000000008000e60                MX_DMA_Init
 .text.MX_GPIO_Init
                0x0000000008000ecc      0x300 ./Core/Src/gpio.o
                0x0000000008000ecc                MX_GPIO_Init
 .text.falg_controler
                0x00000000080011cc       0x5c ./Core/Src/main.o
                0x00000000080011cc                falg_controler
 .text.state_timer
                0x0000000008001228       0x48 ./Core/Src/main.o
                0x0000000008001228                state_timer
 .text.omron    0x0000000008001270       0x8c ./Core/Src/main.o
                0x0000000008001270                omron
 .text.servo_control
                0x00000000080012fc       0x58 ./Core/Src/main.o
                0x00000000080012fc                servo_control
 *fill*         0x0000000008001354        0x4 
 .text.Move_robot_coordinates_X_Y_W
                0x0000000008001358      0xaa4 ./Core/Src/main.o
                0x0000000008001358                Move_robot_coordinates_X_Y_W
 .text.HAL_UART_RxCpltCallback
                0x0000000008001dfc      0x1a4 ./Core/Src/main.o
                0x0000000008001dfc                HAL_UART_RxCpltCallback
 .text.convert_typedef
                0x0000000008001fa0      0x134 ./Core/Src/main.o
                0x0000000008001fa0                convert_typedef
 .text.set_voltage
                0x00000000080020d4      0x30c ./Core/Src/main.o
                0x00000000080020d4                set_voltage
 .text.PID_Controller
                0x00000000080023e0      0x10c ./Core/Src/main.o
                0x00000000080023e0                PID_Controller
 .text.matrixSetCell
                0x00000000080024ec       0x4a ./Core/Src/main.o
                0x00000000080024ec                matrixSetCell
 .text.matrixGetCell
                0x0000000008002536       0x4a ./Core/Src/main.o
                0x0000000008002536                matrixGetCell
 .text.matrixMultiplyM2M
                0x0000000008002580       0xd2 ./Core/Src/main.o
                0x0000000008002580                matrixMultiplyM2M
 .text.matrixTranspose
                0x0000000008002652       0x74 ./Core/Src/main.o
                0x0000000008002652                matrixTranspose
 .text.matrixCofactor
                0x00000000080026c6      0x256 ./Core/Src/main.o
                0x00000000080026c6                matrixCofactor
 .text.matrixInverse
                0x000000000800291c       0xcc ./Core/Src/main.o
                0x000000000800291c                matrixInverse
 .text.matrixDet_LU_Transform
                0x00000000080029e8      0x2b8 ./Core/Src/main.o
                0x00000000080029e8                matrixDet_LU_Transform
 .text.main     0x0000000008002ca0      0x1f0 ./Core/Src/main.o
                0x0000000008002ca0                main
 .text.SystemClock_Config
                0x0000000008002e90       0xd4 ./Core/Src/main.o
                0x0000000008002e90                SystemClock_Config
 .text.Error_Handler
                0x0000000008002f64        0xa ./Core/Src/main.o
                0x0000000008002f64                Error_Handler
 *fill*         0x0000000008002f6e        0x2 
 .text.HAL_MspInit
                0x0000000008002f70       0x50 ./Core/Src/stm32f4xx_hal_msp.o
                0x0000000008002f70                HAL_MspInit
 .text.NMI_Handler
                0x0000000008002fc0        0x6 ./Core/Src/stm32f4xx_it.o
                0x0000000008002fc0                NMI_Handler
 .text.HardFault_Handler
                0x0000000008002fc6        0x6 ./Core/Src/stm32f4xx_it.o
                0x0000000008002fc6                HardFault_Handler
 .text.MemManage_Handler
                0x0000000008002fcc        0x6 ./Core/Src/stm32f4xx_it.o
                0x0000000008002fcc                MemManage_Handler
 .text.BusFault_Handler
                0x0000000008002fd2        0x6 ./Core/Src/stm32f4xx_it.o
                0x0000000008002fd2                BusFault_Handler
 .text.UsageFault_Handler
                0x0000000008002fd8        0x6 ./Core/Src/stm32f4xx_it.o
                0x0000000008002fd8                UsageFault_Handler
 .text.SVC_Handler
                0x0000000008002fde        0xe ./Core/Src/stm32f4xx_it.o
                0x0000000008002fde                SVC_Handler
 .text.DebugMon_Handler
                0x0000000008002fec        0xe ./Core/Src/stm32f4xx_it.o
                0x0000000008002fec                DebugMon_Handler
 .text.PendSV_Handler
                0x0000000008002ffa        0xe ./Core/Src/stm32f4xx_it.o
                0x0000000008002ffa                PendSV_Handler
 .text.SysTick_Handler
                0x0000000008003008        0xc ./Core/Src/stm32f4xx_it.o
                0x0000000008003008                SysTick_Handler
 .text.DMA1_Stream5_IRQHandler
                0x0000000008003014       0x14 ./Core/Src/stm32f4xx_it.o
                0x0000000008003014                DMA1_Stream5_IRQHandler
 .text.USART1_IRQHandler
                0x0000000008003028       0x14 ./Core/Src/stm32f4xx_it.o
                0x0000000008003028                USART1_IRQHandler
 *fill*         0x000000000800303c        0x4 
 .text.TIM6_DAC_IRQHandler
                0x0000000008003040      0x690 ./Core/Src/stm32f4xx_it.o
                0x0000000008003040                TIM6_DAC_IRQHandler
 .text.TIM7_IRQHandler
                0x00000000080036d0       0x14 ./Core/Src/stm32f4xx_it.o
                0x00000000080036d0                TIM7_IRQHandler
 .text.DMA2_Stream2_IRQHandler
                0x00000000080036e4       0x14 ./Core/Src/stm32f4xx_it.o
                0x00000000080036e4                DMA2_Stream2_IRQHandler
 .text.SystemInit
                0x00000000080036f8       0x24 ./Core/Src/system_stm32f4xx.o
                0x00000000080036f8                SystemInit
 .text.MX_TIM1_Init
                0x000000000800371c       0xb0 ./Core/Src/tim.o
                0x000000000800371c                MX_TIM1_Init
 .text.MX_TIM2_Init
                0x00000000080037cc       0xa8 ./Core/Src/tim.o
                0x00000000080037cc                MX_TIM2_Init
 .text.MX_TIM3_Init
                0x0000000008003874       0xa8 ./Core/Src/tim.o
                0x0000000008003874                MX_TIM3_Init
 .text.MX_TIM4_Init
                0x000000000800391c       0xf4 ./Core/Src/tim.o
                0x000000000800391c                MX_TIM4_Init
 .text.MX_TIM5_Init
                0x0000000008003a10       0xa8 ./Core/Src/tim.o
                0x0000000008003a10                MX_TIM5_Init
 .text.MX_TIM6_Init
                0x0000000008003ab8       0x6c ./Core/Src/tim.o
                0x0000000008003ab8                MX_TIM6_Init
 .text.MX_TIM7_Init
                0x0000000008003b24       0x6c ./Core/Src/tim.o
                0x0000000008003b24                MX_TIM7_Init
 .text.MX_TIM8_Init
                0x0000000008003b90       0xb0 ./Core/Src/tim.o
                0x0000000008003b90                MX_TIM8_Init
 .text.MX_TIM9_Init
                0x0000000008003c40       0xa4 ./Core/Src/tim.o
                0x0000000008003c40                MX_TIM9_Init
 .text.MX_TIM10_Init
                0x0000000008003ce4       0x48 ./Core/Src/tim.o
                0x0000000008003ce4                MX_TIM10_Init
 .text.MX_TIM11_Init
                0x0000000008003d2c       0x48 ./Core/Src/tim.o
                0x0000000008003d2c                MX_TIM11_Init
 .text.MX_TIM12_Init
                0x0000000008003d74       0x8c ./Core/Src/tim.o
                0x0000000008003d74                MX_TIM12_Init
 .text.HAL_TIM_Encoder_MspInit
                0x0000000008003e00      0x278 ./Core/Src/tim.o
                0x0000000008003e00                HAL_TIM_Encoder_MspInit
 .text.HAL_TIM_PWM_MspInit
                0x0000000008004078       0x9c ./Core/Src/tim.o
                0x0000000008004078                HAL_TIM_PWM_MspInit
 .text.HAL_TIM_Base_MspInit
                0x0000000008004114       0xe4 ./Core/Src/tim.o
                0x0000000008004114                HAL_TIM_Base_MspInit
 .text.HAL_TIM_MspPostInit
                0x00000000080041f8      0x118 ./Core/Src/tim.o
                0x00000000080041f8                HAL_TIM_MspPostInit
 .text.MX_USART1_UART_Init
                0x0000000008004310       0x54 ./Core/Src/usart.o
                0x0000000008004310                MX_USART1_UART_Init
 .text.MX_USART2_UART_Init
                0x0000000008004364       0x54 ./Core/Src/usart.o
                0x0000000008004364                MX_USART2_UART_Init
 .text.HAL_UART_MspInit
                0x00000000080043b8      0x1d4 ./Core/Src/usart.o
                0x00000000080043b8                HAL_UART_MspInit
 .text.Reset_Handler
                0x000000000800458c       0x50 ./Core/Startup/startup_stm32f407vgtx.o
                0x000000000800458c                Reset_Handler
 .text.Default_Handler
                0x00000000080045dc        0x2 ./Core/Startup/startup_stm32f407vgtx.o
                0x00000000080045dc                RTC_Alarm_IRQHandler
                0x00000000080045dc                HASH_RNG_IRQHandler
                0x00000000080045dc                EXTI2_IRQHandler
                0x00000000080045dc                TIM8_CC_IRQHandler
                0x00000000080045dc                TIM1_CC_IRQHandler
                0x00000000080045dc                DMA2_Stream5_IRQHandler
                0x00000000080045dc                PVD_IRQHandler
                0x00000000080045dc                SDIO_IRQHandler
                0x00000000080045dc                TAMP_STAMP_IRQHandler
                0x00000000080045dc                CAN2_RX1_IRQHandler
                0x00000000080045dc                EXTI3_IRQHandler
                0x00000000080045dc                TIM8_TRG_COM_TIM14_IRQHandler
                0x00000000080045dc                TIM1_UP_TIM10_IRQHandler
                0x00000000080045dc                TIM8_UP_TIM13_IRQHandler
                0x00000000080045dc                I2C3_ER_IRQHandler
                0x00000000080045dc                EXTI0_IRQHandler
                0x00000000080045dc                I2C2_EV_IRQHandler
                0x00000000080045dc                DMA1_Stream2_IRQHandler
                0x00000000080045dc                CAN1_RX0_IRQHandler
                0x00000000080045dc                FPU_IRQHandler
                0x00000000080045dc                OTG_HS_WKUP_IRQHandler
                0x00000000080045dc                CAN2_SCE_IRQHandler
                0x00000000080045dc                SPI1_IRQHandler
                0x00000000080045dc                TIM1_BRK_TIM9_IRQHandler
                0x00000000080045dc                DCMI_IRQHandler
                0x00000000080045dc                CAN2_RX0_IRQHandler
                0x00000000080045dc                DMA2_Stream3_IRQHandler
                0x00000000080045dc                USART6_IRQHandler
                0x00000000080045dc                USART3_IRQHandler
                0x00000000080045dc                CAN1_RX1_IRQHandler
                0x00000000080045dc                UART5_IRQHandler
                0x00000000080045dc                DMA2_Stream0_IRQHandler
                0x00000000080045dc                TIM4_IRQHandler
                0x00000000080045dc                I2C1_EV_IRQHandler
                0x00000000080045dc                DMA1_Stream6_IRQHandler
                0x00000000080045dc                DMA1_Stream1_IRQHandler
                0x00000000080045dc                UART4_IRQHandler
                0x00000000080045dc                TIM3_IRQHandler
                0x00000000080045dc                RCC_IRQHandler
                0x00000000080045dc                TIM8_BRK_TIM12_IRQHandler
                0x00000000080045dc                Default_Handler
                0x00000000080045dc                EXTI15_10_IRQHandler
                0x00000000080045dc                ADC_IRQHandler
                0x00000000080045dc                DMA1_Stream7_IRQHandler
                0x00000000080045dc                CAN2_TX_IRQHandler
                0x00000000080045dc                TIM5_IRQHandler
                0x00000000080045dc                DMA2_Stream7_IRQHandler
                0x00000000080045dc                I2C3_EV_IRQHandler
                0x00000000080045dc                EXTI9_5_IRQHandler
                0x00000000080045dc                RTC_WKUP_IRQHandler
                0x00000000080045dc                ETH_WKUP_IRQHandler
                0x00000000080045dc                SPI2_IRQHandler
                0x00000000080045dc                OTG_HS_EP1_IN_IRQHandler
                0x00000000080045dc                DMA1_Stream0_IRQHandler
                0x00000000080045dc                CAN1_TX_IRQHandler
                0x00000000080045dc                EXTI4_IRQHandler
                0x00000000080045dc                FSMC_IRQHandler
                0x00000000080045dc                ETH_IRQHandler
                0x00000000080045dc                OTG_HS_EP1_OUT_IRQHandler
                0x00000000080045dc                WWDG_IRQHandler
                0x00000000080045dc                TIM2_IRQHandler
                0x00000000080045dc                OTG_FS_WKUP_IRQHandler
                0x00000000080045dc                TIM1_TRG_COM_TIM11_IRQHandler
                0x00000000080045dc                OTG_HS_IRQHandler
                0x00000000080045dc                EXTI1_IRQHandler
                0x00000000080045dc                USART2_IRQHandler
                0x00000000080045dc                I2C2_ER_IRQHandler
                0x00000000080045dc                DMA2_Stream1_IRQHandler
                0x00000000080045dc                CAN1_SCE_IRQHandler
                0x00000000080045dc                FLASH_IRQHandler
                0x00000000080045dc                DMA2_Stream4_IRQHandler
                0x00000000080045dc                OTG_FS_IRQHandler
                0x00000000080045dc                SPI3_IRQHandler
                0x00000000080045dc                DMA1_Stream4_IRQHandler
                0x00000000080045dc                I2C1_ER_IRQHandler
                0x00000000080045dc                DMA2_Stream6_IRQHandler
                0x00000000080045dc                DMA1_Stream3_IRQHandler
 *fill*         0x00000000080045de        0x2 
 .text.HAL_Init
                0x00000000080045e0       0x44 ./Drivers/STM32F4xx_HAL_Driver/Src/stm32f4xx_hal.o
                0x00000000080045e0                HAL_Init
 .text.HAL_InitTick
                0x0000000008004624       0x60 ./Drivers/STM32F4xx_HAL_Driver/Src/stm32f4xx_hal.o
                0x0000000008004624                HAL_InitTick
 .text.HAL_IncTick
                0x0000000008004684       0x28 ./Drivers/STM32F4xx_HAL_Driver/Src/stm32f4xx_hal.o
                0x0000000008004684                HAL_IncTick
 .text.HAL_GetTick
                0x00000000080046ac       0x18 ./Drivers/STM32F4xx_HAL_Driver/Src/stm32f4xx_hal.o
                0x00000000080046ac                HAL_GetTick
 .text.__NVIC_SetPriorityGrouping
                0x00000000080046c4       0x48 ./Drivers/STM32F4xx_HAL_Driver/Src/stm32f4xx_hal_cortex.o
 .text.__NVIC_GetPriorityGrouping
                0x000000000800470c       0x1c ./Drivers/STM32F4xx_HAL_Driver/Src/stm32f4xx_hal_cortex.o
 .text.__NVIC_EnableIRQ
                0x0000000008004728       0x3c ./Drivers/STM32F4xx_HAL_Driver/Src/stm32f4xx_hal_cortex.o
 .text.__NVIC_SetPriority
                0x0000000008004764       0x54 ./Drivers/STM32F4xx_HAL_Driver/Src/stm32f4xx_hal_cortex.o
 .text.NVIC_EncodePriority
                0x00000000080047b8       0x66 ./Drivers/STM32F4xx_HAL_Driver/Src/stm32f4xx_hal_cortex.o
 *fill*         0x000000000800481e        0x2 
 .text.SysTick_Config
                0x0000000008004820       0x44 ./Drivers/STM32F4xx_HAL_Driver/Src/stm32f4xx_hal_cortex.o
 .text.HAL_NVIC_SetPriorityGrouping
                0x0000000008004864       0x16 ./Drivers/STM32F4xx_HAL_Driver/Src/stm32f4xx_hal_cortex.o
                0x0000000008004864                HAL_NVIC_SetPriorityGrouping
 .text.HAL_NVIC_SetPriority
                0x000000000800487a       0x38 ./Drivers/STM32F4xx_HAL_Driver/Src/stm32f4xx_hal_cortex.o
                0x000000000800487a                HAL_NVIC_SetPriority
 .text.HAL_NVIC_EnableIRQ
                0x00000000080048b2       0x1c ./Drivers/STM32F4xx_HAL_Driver/Src/stm32f4xx_hal_cortex.o
                0x00000000080048b2                HAL_NVIC_EnableIRQ
 .text.HAL_SYSTICK_Config
                0x00000000080048ce       0x18 ./Drivers/STM32F4xx_HAL_Driver/Src/stm32f4xx_hal_cortex.o
                0x00000000080048ce                HAL_SYSTICK_Config
 *fill*         0x00000000080048e6        0x2 
 .text.HAL_DMA_Init
                0x00000000080048e8      0x15c ./Drivers/STM32F4xx_HAL_Driver/Src/stm32f4xx_hal_dma.o
                0x00000000080048e8                HAL_DMA_Init
 .text.HAL_DMA_Start_IT
                0x0000000008004a44       0xb0 ./Drivers/STM32F4xx_HAL_Driver/Src/stm32f4xx_hal_dma.o
                0x0000000008004a44                HAL_DMA_Start_IT
 .text.HAL_DMA_Abort
                0x0000000008004af4       0xe0 ./Drivers/STM32F4xx_HAL_Driver/Src/stm32f4xx_hal_dma.o
                0x0000000008004af4                HAL_DMA_Abort
 .text.HAL_DMA_Abort_IT
                0x0000000008004bd4       0x44 ./Drivers/STM32F4xx_HAL_Driver/Src/stm32f4xx_hal_dma.o
                0x0000000008004bd4                HAL_DMA_Abort_IT
 .text.HAL_DMA_IRQHandler
                0x0000000008004c18      0x314 ./Drivers/STM32F4xx_HAL_Driver/Src/stm32f4xx_hal_dma.o
                0x0000000008004c18                HAL_DMA_IRQHandler
 .text.DMA_SetConfig
                0x0000000008004f2c       0x5c ./Drivers/STM32F4xx_HAL_Driver/Src/stm32f4xx_hal_dma.o
 .text.DMA_CalcBaseAndBitshift
                0x0000000008004f88       0x6c ./Drivers/STM32F4xx_HAL_Driver/Src/stm32f4xx_hal_dma.o
 .text.DMA_CheckFifoParam
                0x0000000008004ff4       0xf8 ./Drivers/STM32F4xx_HAL_Driver/Src/stm32f4xx_hal_dma.o
 .text.HAL_GPIO_Init
                0x00000000080050ec      0x338 ./Drivers/STM32F4xx_HAL_Driver/Src/stm32f4xx_hal_gpio.o
                0x00000000080050ec                HAL_GPIO_Init
 .text.HAL_GPIO_ReadPin
                0x0000000008005424       0x30 ./Drivers/STM32F4xx_HAL_Driver/Src/stm32f4xx_hal_gpio.o
                0x0000000008005424                HAL_GPIO_ReadPin
 .text.HAL_GPIO_WritePin
                0x0000000008005454       0x32 ./Drivers/STM32F4xx_HAL_Driver/Src/stm32f4xx_hal_gpio.o
                0x0000000008005454                HAL_GPIO_WritePin
 *fill*         0x0000000008005486        0x2 
 .text.HAL_RCC_OscConfig
                0x0000000008005488      0x4f0 ./Drivers/STM32F4xx_HAL_Driver/Src/stm32f4xx_hal_rcc.o
                0x0000000008005488                HAL_RCC_OscConfig
 .text.HAL_RCC_ClockConfig
                0x0000000008005978      0x1cc ./Drivers/STM32F4xx_HAL_Driver/Src/stm32f4xx_hal_rcc.o
                0x0000000008005978                HAL_RCC_ClockConfig
 .text.HAL_RCC_GetSysClockFreq
                0x0000000008005b44      0x20c ./Drivers/STM32F4xx_HAL_Driver/Src/stm32f4xx_hal_rcc.o
                0x0000000008005b44                HAL_RCC_GetSysClockFreq
 .text.HAL_RCC_GetHCLKFreq
                0x0000000008005d50       0x18 ./Drivers/STM32F4xx_HAL_Driver/Src/stm32f4xx_hal_rcc.o
                0x0000000008005d50                HAL_RCC_GetHCLKFreq
 .text.HAL_RCC_GetPCLK1Freq
                0x0000000008005d68       0x28 ./Drivers/STM32F4xx_HAL_Driver/Src/stm32f4xx_hal_rcc.o
                0x0000000008005d68                HAL_RCC_GetPCLK1Freq
 .text.HAL_RCC_GetPCLK2Freq
                0x0000000008005d90       0x28 ./Drivers/STM32F4xx_HAL_Driver/Src/stm32f4xx_hal_rcc.o
                0x0000000008005d90                HAL_RCC_GetPCLK2Freq
 .text.HAL_TIM_Base_Init
                0x0000000008005db8       0x9e ./Drivers/STM32F4xx_HAL_Driver/Src/stm32f4xx_hal_tim.o
                0x0000000008005db8                HAL_TIM_Base_Init
 *fill*         0x0000000008005e56        0x2 
 .text.HAL_TIM_Base_Start_IT
                0x0000000008005e58       0xe0 ./Drivers/STM32F4xx_HAL_Driver/Src/stm32f4xx_hal_tim.o
                0x0000000008005e58                HAL_TIM_Base_Start_IT
 .text.HAL_TIM_PWM_Init
                0x0000000008005f38       0x9e ./Drivers/STM32F4xx_HAL_Driver/Src/stm32f4xx_hal_tim.o
                0x0000000008005f38                HAL_TIM_PWM_Init
 *fill*         0x0000000008005fd6        0x2 
 .text.HAL_TIM_PWM_Start
                0x0000000008005fd8      0x190 ./Drivers/STM32F4xx_HAL_Driver/Src/stm32f4xx_hal_tim.o
                0x0000000008005fd8                HAL_TIM_PWM_Start
 .text.HAL_TIM_Encoder_Init
                0x0000000008006168      0x14c ./Drivers/STM32F4xx_HAL_Driver/Src/stm32f4xx_hal_tim.o
                0x0000000008006168                HAL_TIM_Encoder_Init
 .text.HAL_TIM_Encoder_Start
                0x00000000080062b4      0x11c ./Drivers/STM32F4xx_HAL_Driver/Src/stm32f4xx_hal_tim.o
                0x00000000080062b4                HAL_TIM_Encoder_Start
 .text.HAL_TIM_IRQHandler
                0x00000000080063d0      0x210 ./Drivers/STM32F4xx_HAL_Driver/Src/stm32f4xx_hal_tim.o
                0x00000000080063d0                HAL_TIM_IRQHandler
 .text.HAL_TIM_PWM_ConfigChannel
                0x00000000080065e0      0x184 ./Drivers/STM32F4xx_HAL_Driver/Src/stm32f4xx_hal_tim.o
                0x00000000080065e0                HAL_TIM_PWM_ConfigChannel
 .text.HAL_TIM_PeriodElapsedCallback
                0x0000000008006764       0x14 ./Drivers/STM32F4xx_HAL_Driver/Src/stm32f4xx_hal_tim.o
                0x0000000008006764                HAL_TIM_PeriodElapsedCallback
 .text.HAL_TIM_OC_DelayElapsedCallback
                0x0000000008006778       0x14 ./Drivers/STM32F4xx_HAL_Driver/Src/stm32f4xx_hal_tim.o
                0x0000000008006778                HAL_TIM_OC_DelayElapsedCallback
 .text.HAL_TIM_IC_CaptureCallback
                0x000000000800678c       0x14 ./Drivers/STM32F4xx_HAL_Driver/Src/stm32f4xx_hal_tim.o
                0x000000000800678c                HAL_TIM_IC_CaptureCallback
 .text.HAL_TIM_PWM_PulseFinishedCallback
                0x00000000080067a0       0x14 ./Drivers/STM32F4xx_HAL_Driver/Src/stm32f4xx_hal_tim.o
                0x00000000080067a0                HAL_TIM_PWM_PulseFinishedCallback
 .text.HAL_TIM_TriggerCallback
                0x00000000080067b4       0x14 ./Drivers/STM32F4xx_HAL_Driver/Src/stm32f4xx_hal_tim.o
                0x00000000080067b4                HAL_TIM_TriggerCallback
 .text.TIM_Base_SetConfig
                0x00000000080067c8      0x140 ./Drivers/STM32F4xx_HAL_Driver/Src/stm32f4xx_hal_tim.o
                0x00000000080067c8                TIM_Base_SetConfig
 .text.TIM_OC1_SetConfig
                0x0000000008006908       0xe0 ./Drivers/STM32F4xx_HAL_Driver/Src/stm32f4xx_hal_tim.o
 .text.TIM_OC2_SetConfig
                0x00000000080069e8       0xec ./Drivers/STM32F4xx_HAL_Driver/Src/stm32f4xx_hal_tim.o
                0x00000000080069e8                TIM_OC2_SetConfig
 .text.TIM_OC3_SetConfig
                0x0000000008006ad4       0xe8 ./Drivers/STM32F4xx_HAL_Driver/Src/stm32f4xx_hal_tim.o
 .text.TIM_OC4_SetConfig
                0x0000000008006bbc       0xac ./Drivers/STM32F4xx_HAL_Driver/Src/stm32f4xx_hal_tim.o
 .text.TIM_CCxChannelCmd
                0x0000000008006c68       0x4a ./Drivers/STM32F4xx_HAL_Driver/Src/stm32f4xx_hal_tim.o
                0x0000000008006c68                TIM_CCxChannelCmd
 *fill*         0x0000000008006cb2        0x2 
 .text.HAL_TIMEx_MasterConfigSynchronization
                0x0000000008006cb4       0xf8 ./Drivers/STM32F4xx_HAL_Driver/Src/stm32f4xx_hal_tim_ex.o
                0x0000000008006cb4                HAL_TIMEx_MasterConfigSynchronization
 .text.HAL_TIMEx_CommutCallback
                0x0000000008006dac       0x14 ./Drivers/STM32F4xx_HAL_Driver/Src/stm32f4xx_hal_tim_ex.o
                0x0000000008006dac                HAL_TIMEx_CommutCallback
 .text.HAL_TIMEx_BreakCallback
                0x0000000008006dc0       0x14 ./Drivers/STM32F4xx_HAL_Driver/Src/stm32f4xx_hal_tim_ex.o
                0x0000000008006dc0                HAL_TIMEx_BreakCallback
 .text.HAL_UART_Init
                0x0000000008006dd4       0x9a ./Drivers/STM32F4xx_HAL_Driver/Src/stm32f4xx_hal_uart.o
                0x0000000008006dd4                HAL_UART_Init
 .text.HAL_UART_Receive_DMA
                0x0000000008006e6e       0x60 ./Drivers/STM32F4xx_HAL_Driver/Src/stm32f4xx_hal_uart.o
                0x0000000008006e6e                HAL_UART_Receive_DMA
 *fill*         0x0000000008006ece        0x2 
 .text.HAL_UART_IRQHandler
                0x0000000008006ed0      0x51c ./Drivers/STM32F4xx_HAL_Driver/Src/stm32f4xx_hal_uart.o
                0x0000000008006ed0                HAL_UART_IRQHandler
 .text.HAL_UART_TxCpltCallback
                0x00000000080073ec       0x14 ./Drivers/STM32F4xx_HAL_Driver/Src/stm32f4xx_hal_uart.o
                0x00000000080073ec                HAL_UART_TxCpltCallback
 .text.HAL_UART_RxHalfCpltCallback
                0x0000000008007400       0x14 ./Drivers/STM32F4xx_HAL_Driver/Src/stm32f4xx_hal_uart.o
                0x0000000008007400                HAL_UART_RxHalfCpltCallback
 .text.HAL_UART_ErrorCallback
                0x0000000008007414       0x14 ./Drivers/STM32F4xx_HAL_Driver/Src/stm32f4xx_hal_uart.o
                0x0000000008007414                HAL_UART_ErrorCallback
 .text.HAL_UARTEx_RxEventCallback
                0x0000000008007428       0x18 ./Drivers/STM32F4xx_HAL_Driver/Src/stm32f4xx_hal_uart.o
                0x0000000008007428                HAL_UARTEx_RxEventCallback
 .text.UART_DMAReceiveCplt
                0x0000000008007440      0x126 ./Drivers/STM32F4xx_HAL_Driver/Src/stm32f4xx_hal_uart.o
 .text.UART_DMARxHalfCplt
                0x0000000008007566       0x36 ./Drivers/STM32F4xx_HAL_Driver/Src/stm32f4xx_hal_uart.o
 .text.UART_DMAError
                0x000000000800759c       0x94 ./Drivers/STM32F4xx_HAL_Driver/Src/stm32f4xx_hal_uart.o
 .text.UART_Start_Receive_DMA
                0x0000000008007630      0x13c ./Drivers/STM32F4xx_HAL_Driver/Src/stm32f4xx_hal_uart.o
                0x0000000008007630                UART_Start_Receive_DMA
 .text.UART_EndTxTransfer
                0x000000000800776c       0x50 ./Drivers/STM32F4xx_HAL_Driver/Src/stm32f4xx_hal_uart.o
 .text.UART_EndRxTransfer
                0x00000000080077bc       0xc6 ./Drivers/STM32F4xx_HAL_Driver/Src/stm32f4xx_hal_uart.o
 .text.UART_DMAAbortOnError
                0x0000000008007882       0x28 ./Drivers/STM32F4xx_HAL_Driver/Src/stm32f4xx_hal_uart.o
 .text.UART_Transmit_IT
                0x00000000080078aa       0xa0 ./Drivers/STM32F4xx_HAL_Driver/Src/stm32f4xx_hal_uart.o
 .text.UART_EndTransmit_IT
                0x000000000800794a       0x30 ./Drivers/STM32F4xx_HAL_Driver/Src/stm32f4xx_hal_uart.o
 .text.UART_Receive_IT
                0x000000000800797a      0x176 ./Drivers/STM32F4xx_HAL_Driver/Src/stm32f4xx_hal_uart.o
 .text.UART_SetConfig
                0x0000000008007af0      0x4e8 ./Drivers/STM32F4xx_HAL_Driver/Src/stm32f4xx_hal_uart.o
 .text.memset   0x0000000008007fd8       0x10 C:/ST/STM32CubeIDE_1.13.2/STM32CubeIDE/plugins/com.st.stm32cube.ide.mcu.externaltools.gnu-tools-for-stm32.11.3.rel1.win32_1.1.1.202309131626/tools/bin/../lib/gcc/arm-none-eabi/11.3.1/../../../../arm-none-eabi/lib/thumb/v7e-m+fp/hard\libc_nano.a(libc_a-memset.o)
                0x0000000008007fd8                memset
 .text.__errno  0x0000000008007fe8        0xc C:/ST/STM32CubeIDE_1.13.2/STM32CubeIDE/plugins/com.st.stm32cube.ide.mcu.externaltools.gnu-tools-for-stm32.11.3.rel1.win32_1.1.1.202309131626/tools/bin/../lib/gcc/arm-none-eabi/11.3.1/../../../../arm-none-eabi/lib/thumb/v7e-m+fp/hard\libc_nano.a(libc_a-errno.o)
                0x0000000008007fe8                __errno
 .text.__libc_init_array
                0x0000000008007ff4       0x48 C:/ST/STM32CubeIDE_1.13.2/STM32CubeIDE/plugins/com.st.stm32cube.ide.mcu.externaltools.gnu-tools-for-stm32.11.3.rel1.win32_1.1.1.202309131626/tools/bin/../lib/gcc/arm-none-eabi/11.3.1/../../../../arm-none-eabi/lib/thumb/v7e-m+fp/hard\libc_nano.a(libc_a-init.o)
                0x0000000008007ff4                __libc_init_array
 .text.memcpy   0x000000000800803c       0x1c C:/ST/STM32CubeIDE_1.13.2/STM32CubeIDE/plugins/com.st.stm32cube.ide.mcu.externaltools.gnu-tools-for-stm32.11.3.rel1.win32_1.1.1.202309131626/tools/bin/../lib/gcc/arm-none-eabi/11.3.1/../../../../arm-none-eabi/lib/thumb/v7e-m+fp/hard\libc_nano.a(libc_a-memcpy-stub.o)
                0x000000000800803c                memcpy
 .text.cos      0x0000000008008058       0xa8 C:/ST/STM32CubeIDE_1.13.2/STM32CubeIDE/plugins/com.st.stm32cube.ide.mcu.externaltools.gnu-tools-for-stm32.11.3.rel1.win32_1.1.1.202309131626/tools/bin/../lib/gcc/arm-none-eabi/11.3.1/../../../../arm-none-eabi/lib/thumb/v7e-m+fp/hard\libm.a(libm_a-s_cos.o)
                0x0000000008008058                cos
 .text.sin      0x0000000008008100       0xb0 C:/ST/STM32CubeIDE_1.13.2/STM32CubeIDE/plugins/com.st.stm32cube.ide.mcu.externaltools.gnu-tools-for-stm32.11.3.rel1.win32_1.1.1.202309131626/tools/bin/../lib/gcc/arm-none-eabi/11.3.1/../../../../arm-none-eabi/lib/thumb/v7e-m+fp/hard\libm.a(libm_a-s_sin.o)
                0x0000000008008100                sin
 .text.sqrtf    0x00000000080081b0       0x3c C:/ST/STM32CubeIDE_1.13.2/STM32CubeIDE/plugins/com.st.stm32cube.ide.mcu.externaltools.gnu-tools-for-stm32.11.3.rel1.win32_1.1.1.202309131626/tools/bin/../lib/gcc/arm-none-eabi/11.3.1/../../../../arm-none-eabi/lib/thumb/v7e-m+fp/hard\libm.a(libm_a-wf_sqrt.o)
                0x00000000080081b0                sqrtf
 .text.__ieee754_sqrtf
                0x00000000080081ec        0x6 C:/ST/STM32CubeIDE_1.13.2/STM32CubeIDE/plugins/com.st.stm32cube.ide.mcu.externaltools.gnu-tools-for-stm32.11.3.rel1.win32_1.1.1.202309131626/tools/bin/../lib/gcc/arm-none-eabi/11.3.1/../../../../arm-none-eabi/lib/thumb/v7e-m+fp/hard\libm.a(libm_a-ef_sqrt.o)
                0x00000000080081ec                __ieee754_sqrtf
 *fill*         0x00000000080081f2        0x6 
 .text.__kernel_cos
                0x00000000080081f8      0x18c C:/ST/STM32CubeIDE_1.13.2/STM32CubeIDE/plugins/com.st.stm32cube.ide.mcu.externaltools.gnu-tools-for-stm32.11.3.rel1.win32_1.1.1.202309131626/tools/bin/../lib/gcc/arm-none-eabi/11.3.1/../../../../arm-none-eabi/lib/thumb/v7e-m+fp/hard\libm.a(libm_a-k_cos.o)
                0x00000000080081f8                __kernel_cos
 *fill*         0x0000000008008384        0x4 
 .text.__kernel_sin
                0x0000000008008388      0x17c C:/ST/STM32CubeIDE_1.13.2/STM32CubeIDE/plugins/com.st.stm32cube.ide.mcu.externaltools.gnu-tools-for-stm32.11.3.rel1.win32_1.1.1.202309131626/tools/bin/../lib/gcc/arm-none-eabi/11.3.1/../../../../arm-none-eabi/lib/thumb/v7e-m+fp/hard\libm.a(libm_a-k_sin.o)
                0x0000000008008388                __kernel_sin
 *fill*         0x0000000008008504        0x4 
 .text.__ieee754_rem_pio2
                0x0000000008008508      0x40c C:/ST/STM32CubeIDE_1.13.2/STM32CubeIDE/plugins/com.st.stm32cube.ide.mcu.externaltools.gnu-tools-for-stm32.11.3.rel1.win32_1.1.1.202309131626/tools/bin/../lib/gcc/arm-none-eabi/11.3.1/../../../../arm-none-eabi/lib/thumb/v7e-m+fp/hard\libm.a(libm_a-e_rem_pio2.o)
                0x0000000008008508                __ieee754_rem_pio2
 .text.fabs     0x0000000008008914       0x12 C:/ST/STM32CubeIDE_1.13.2/STM32CubeIDE/plugins/com.st.stm32cube.ide.mcu.externaltools.gnu-tools-for-stm32.11.3.rel1.win32_1.1.1.202309131626/tools/bin/../lib/gcc/arm-none-eabi/11.3.1/../../../../arm-none-eabi/lib/thumb/v7e-m+fp/hard\libm.a(libm_a-s_fabs.o)
                0x0000000008008914                fabs
 *fill*         0x0000000008008926        0x2 
 .text.__kernel_rem_pio2
                0x0000000008008928      0x69c C:/ST/STM32CubeIDE_1.13.2/STM32CubeIDE/plugins/com.st.stm32cube.ide.mcu.externaltools.gnu-tools-for-stm32.11.3.rel1.win32_1.1.1.202309131626/tools/bin/../lib/gcc/arm-none-eabi/11.3.1/../../../../arm-none-eabi/lib/thumb/v7e-m+fp/hard\libm.a(libm_a-k_rem_pio2.o)
                0x0000000008008928                __kernel_rem_pio2
 *fill*         0x0000000008008fc4        0x4 
 .text.scalbn   0x0000000008008fc8       0xfc C:/ST/STM32CubeIDE_1.13.2/STM32CubeIDE/plugins/com.st.stm32cube.ide.mcu.externaltools.gnu-tools-for-stm32.11.3.rel1.win32_1.1.1.202309131626/tools/bin/../lib/gcc/arm-none-eabi/11.3.1/../../../../arm-none-eabi/lib/thumb/v7e-m+fp/hard\libm.a(libm_a-s_scalbn.o)
                0x0000000008008fc8                scalbn
 *fill*         0x00000000080090c4        0x4 
 .text.floor    0x00000000080090c8      0x100 C:/ST/STM32CubeIDE_1.13.2/STM32CubeIDE/plugins/com.st.stm32cube.ide.mcu.externaltools.gnu-tools-for-stm32.11.3.rel1.win32_1.1.1.202309131626/tools/bin/../lib/gcc/arm-none-eabi/11.3.1/../../../../arm-none-eabi/lib/thumb/v7e-m+fp/hard\libm.a(libm_a-s_floor.o)
                0x00000000080090c8                floor
 *(.glue_7)
 .glue_7        0x00000000080091c8        0x0 linker stubs
 *(.glue_7t)
 .glue_7t       0x00000000080091c8        0x0 linker stubs
 *(.eh_frame)
 .eh_frame      0x00000000080091c8        0x0 C:/ST/STM32CubeIDE_1.13.2/STM32CubeIDE/plugins/com.st.stm32cube.ide.mcu.externaltools.gnu-tools-for-stm32.11.3.rel1.win32_1.1.1.202309131626/tools/bin/../lib/gcc/arm-none-eabi/11.3.1/thumb/v7e-m+fp/hard/crtbegin.o
 *(.init)
 .init          0x00000000080091c8        0x4 C:/ST/STM32CubeIDE_1.13.2/STM32CubeIDE/plugins/com.st.stm32cube.ide.mcu.externaltools.gnu-tools-for-stm32.11.3.rel1.win32_1.1.1.202309131626/tools/bin/../lib/gcc/arm-none-eabi/11.3.1/thumb/v7e-m+fp/hard/crti.o
                0x00000000080091c8                _init
 .init          0x00000000080091cc        0x8 C:/ST/STM32CubeIDE_1.13.2/STM32CubeIDE/plugins/com.st.stm32cube.ide.mcu.externaltools.gnu-tools-for-stm32.11.3.rel1.win32_1.1.1.202309131626/tools/bin/../lib/gcc/arm-none-eabi/11.3.1/thumb/v7e-m+fp/hard/crtn.o
 *(.fini)
 .fini          0x00000000080091d4        0x4 C:/ST/STM32CubeIDE_1.13.2/STM32CubeIDE/plugins/com.st.stm32cube.ide.mcu.externaltools.gnu-tools-for-stm32.11.3.rel1.win32_1.1.1.202309131626/tools/bin/../lib/gcc/arm-none-eabi/11.3.1/thumb/v7e-m+fp/hard/crti.o
                0x00000000080091d4                _fini
 .fini          0x00000000080091d8        0x8 C:/ST/STM32CubeIDE_1.13.2/STM32CubeIDE/plugins/com.st.stm32cube.ide.mcu.externaltools.gnu-tools-for-stm32.11.3.rel1.win32_1.1.1.202309131626/tools/bin/../lib/gcc/arm-none-eabi/11.3.1/thumb/v7e-m+fp/hard/crtn.o
                0x00000000080091e0                . = ALIGN (0x4)
                0x00000000080091e0                _etext = .

.vfp11_veneer   0x00000000080091e0        0x0
 .vfp11_veneer  0x00000000080091e0        0x0 linker stubs

.v4_bx          0x00000000080091e0        0x0
 .v4_bx         0x00000000080091e0        0x0 linker stubs

.iplt           0x00000000080091e0        0x0
 .iplt          0x00000000080091e0        0x0 C:/ST/STM32CubeIDE_1.13.2/STM32CubeIDE/plugins/com.st.stm32cube.ide.mcu.externaltools.gnu-tools-for-stm32.11.3.rel1.win32_1.1.1.202309131626/tools/bin/../lib/gcc/arm-none-eabi/11.3.1/thumb/v7e-m+fp/hard/crtbegin.o

.rodata         0x00000000080091e0      0x1f8
                0x00000000080091e0                . = ALIGN (0x4)
 *(.rodata)
 *(.rodata*)
 .rodata.AHBPrescTable
                0x00000000080091e0       0x10 ./Core/Src/system_stm32f4xx.o
                0x00000000080091e0                AHBPrescTable
 .rodata.APBPrescTable
                0x00000000080091f0        0x8 ./Core/Src/system_stm32f4xx.o
                0x00000000080091f0                APBPrescTable
 .rodata.flagBitshiftOffset.0
                0x00000000080091f8        0x8 ./Drivers/STM32F4xx_HAL_Driver/Src/stm32f4xx_hal_dma.o
 .rodata.npio2_hw
                0x0000000008009200       0x80 C:/ST/STM32CubeIDE_1.13.2/STM32CubeIDE/plugins/com.st.stm32cube.ide.mcu.externaltools.gnu-tools-for-stm32.11.3.rel1.win32_1.1.1.202309131626/tools/bin/../lib/gcc/arm-none-eabi/11.3.1/../../../../arm-none-eabi/lib/thumb/v7e-m+fp/hard\libm.a(libm_a-e_rem_pio2.o)
 .rodata.two_over_pi
                0x0000000008009280      0x108 C:/ST/STM32CubeIDE_1.13.2/STM32CubeIDE/plugins/com.st.stm32cube.ide.mcu.externaltools.gnu-tools-for-stm32.11.3.rel1.win32_1.1.1.202309131626/tools/bin/../lib/gcc/arm-none-eabi/11.3.1/../../../../arm-none-eabi/lib/thumb/v7e-m+fp/hard\libm.a(libm_a-e_rem_pio2.o)
 .rodata.PIo2   0x0000000008009388       0x40 C:/ST/STM32CubeIDE_1.13.2/STM32CubeIDE/plugins/com.st.stm32cube.ide.mcu.externaltools.gnu-tools-for-stm32.11.3.rel1.win32_1.1.1.202309131626/tools/bin/../lib/gcc/arm-none-eabi/11.3.1/../../../../arm-none-eabi/lib/thumb/v7e-m+fp/hard\libm.a(libm_a-k_rem_pio2.o)
 .rodata.init_jk
                0x00000000080093c8       0x10 C:/ST/STM32CubeIDE_1.13.2/STM32CubeIDE/plugins/com.st.stm32cube.ide.mcu.externaltools.gnu-tools-for-stm32.11.3.rel1.win32_1.1.1.202309131626/tools/bin/../lib/gcc/arm-none-eabi/11.3.1/../../../../arm-none-eabi/lib/thumb/v7e-m+fp/hard\libm.a(libm_a-k_rem_pio2.o)
                0x00000000080093d8                . = ALIGN (0x4)

.ARM.extab      0x00000000080093d8        0x0
                0x00000000080093d8                . = ALIGN (0x4)
 *(.ARM.extab* .gnu.linkonce.armextab.*)
                0x00000000080093d8                . = ALIGN (0x4)

.ARM            0x00000000080093d8        0x8
                0x00000000080093d8                . = ALIGN (0x4)
                0x00000000080093d8                __exidx_start = .
 *(.ARM.exidx*)
 .ARM.exidx     0x00000000080093d8        0x8 C:/ST/STM32CubeIDE_1.13.2/STM32CubeIDE/plugins/com.st.stm32cube.ide.mcu.externaltools.gnu-tools-for-stm32.11.3.rel1.win32_1.1.1.202309131626/tools/bin/../lib/gcc/arm-none-eabi/11.3.1/thumb/v7e-m+fp/hard\libgcc.a(_udivmoddi4.o)
                0x00000000080093e0                __exidx_end = .
                0x00000000080093e0                . = ALIGN (0x4)

.rel.dyn        0x00000000080093e0        0x0
 .rel.iplt      0x00000000080093e0        0x0 C:/ST/STM32CubeIDE_1.13.2/STM32CubeIDE/plugins/com.st.stm32cube.ide.mcu.externaltools.gnu-tools-for-stm32.11.3.rel1.win32_1.1.1.202309131626/tools/bin/../lib/gcc/arm-none-eabi/11.3.1/thumb/v7e-m+fp/hard/crtbegin.o

.preinit_array  0x00000000080093e0        0x0
                0x00000000080093e0                . = ALIGN (0x4)
                0x00000000080093e0                PROVIDE (__preinit_array_start = .)
 *(.preinit_array*)
                0x00000000080093e0                PROVIDE (__preinit_array_end = .)
                0x00000000080093e0                . = ALIGN (0x4)

.init_array     0x00000000080093e0        0x4
                0x00000000080093e0                . = ALIGN (0x4)
                0x00000000080093e0                PROVIDE (__init_array_start = .)
 *(SORT_BY_NAME(.init_array.*))
 *(.init_array*)
 .init_array    0x00000000080093e0        0x4 C:/ST/STM32CubeIDE_1.13.2/STM32CubeIDE/plugins/com.st.stm32cube.ide.mcu.externaltools.gnu-tools-for-stm32.11.3.rel1.win32_1.1.1.202309131626/tools/bin/../lib/gcc/arm-none-eabi/11.3.1/thumb/v7e-m+fp/hard/crtbegin.o
                0x00000000080093e4                PROVIDE (__init_array_end = .)
                0x00000000080093e4                . = ALIGN (0x4)

.fini_array     0x00000000080093e4        0x4
                0x00000000080093e4                . = ALIGN (0x4)
                [!provide]                        PROVIDE (__fini_array_start = .)
 *(SORT_BY_NAME(.fini_array.*))
 *(.fini_array*)
 .fini_array    0x00000000080093e4        0x4 C:/ST/STM32CubeIDE_1.13.2/STM32CubeIDE/plugins/com.st.stm32cube.ide.mcu.externaltools.gnu-tools-for-stm32.11.3.rel1.win32_1.1.1.202309131626/tools/bin/../lib/gcc/arm-none-eabi/11.3.1/thumb/v7e-m+fp/hard/crtbegin.o
                [!provide]                        PROVIDE (__fini_array_end = .)
                0x00000000080093e8                . = ALIGN (0x4)
                0x00000000080093e8                _sidata = LOADADDR (.data)

.data           0x0000000020000000       0xc8 load address 0x00000000080093e8
                0x0000000020000000                . = ALIGN (0x4)
                0x0000000020000000                _sdata = .
 *(.data)
 *(.data*)
 .data.robot_matrix
                0x0000000020000000       0x30 ./Core/Src/main.o
                0x0000000020000000                robot_matrix
 .data.axes_robot_matrix_inverse
                0x0000000020000030       0x30 ./Core/Src/main.o
                0x0000000020000030                axes_robot_matrix_inverse
 .data.V        0x0000000020000060        0x4 ./Core/Src/main.o
                0x0000000020000060                V
 .data.W        0x0000000020000064        0x4 ./Core/Src/main.o
                0x0000000020000064                W
 .data.fi       0x0000000020000068        0x4 ./Core/Src/stm32f4xx_it.o
                0x0000000020000068                fi
 .data.SystemCoreClock
                0x000000002000006c        0x4 ./Core/Src/system_stm32f4xx.o
                0x000000002000006c                SystemCoreClock
 .data.uwTickPrio
                0x0000000020000070        0x4 ./Drivers/STM32F4xx_HAL_Driver/Src/stm32f4xx_hal.o
                0x0000000020000070                uwTickPrio
 .data.uwTickFreq
                0x0000000020000074        0x1 ./Drivers/STM32F4xx_HAL_Driver/Src/stm32f4xx_hal.o
                0x0000000020000074                uwTickFreq
 *fill*         0x0000000020000075        0x3 
 .data._impure_data
                0x0000000020000078       0x4c C:/ST/STM32CubeIDE_1.13.2/STM32CubeIDE/plugins/com.st.stm32cube.ide.mcu.externaltools.gnu-tools-for-stm32.11.3.rel1.win32_1.1.1.202309131626/tools/bin/../lib/gcc/arm-none-eabi/11.3.1/../../../../arm-none-eabi/lib/thumb/v7e-m+fp/hard\libc_nano.a(libc_a-impure.o)
                0x0000000020000078                _impure_data
 .data._impure_ptr
                0x00000000200000c4        0x4 C:/ST/STM32CubeIDE_1.13.2/STM32CubeIDE/plugins/com.st.stm32cube.ide.mcu.externaltools.gnu-tools-for-stm32.11.3.rel1.win32_1.1.1.202309131626/tools/bin/../lib/gcc/arm-none-eabi/11.3.1/../../../../arm-none-eabi/lib/thumb/v7e-m+fp/hard\libc_nano.a(libc_a-impure.o)
                0x00000000200000c4                _impure_ptr
 *(.RamFunc)
 *(.RamFunc*)
                0x00000000200000c8                . = ALIGN (0x4)
                0x00000000200000c8                _edata = .
                0x00000000080094b0                _siccmram = LOADADDR (.ccmram)

.igot.plt       0x00000000200000c8        0x0 load address 0x00000000080094b0
 .igot.plt      0x00000000200000c8        0x0 C:/ST/STM32CubeIDE_1.13.2/STM32CubeIDE/plugins/com.st.stm32cube.ide.mcu.externaltools.gnu-tools-for-stm32.11.3.rel1.win32_1.1.1.202309131626/tools/bin/../lib/gcc/arm-none-eabi/11.3.1/thumb/v7e-m+fp/hard/crtbegin.o

.ccmram         0x0000000010000000        0x0 load address 0x00000000080094b0
                0x0000000010000000                . = ALIGN (0x4)
                0x0000000010000000                _sccmram = .
 *(.ccmram)
 *(.ccmram*)
                0x0000000010000000                . = ALIGN (0x4)
                0x0000000010000000                _eccmram = .
                0x0000000010000000                . = ALIGN (0x4)

.bss            0x00000000200000c8      0x934
                0x00000000200000c8                _sbss = .
                0x00000000200000c8                __bss_start__ = _sbss
 *(.bss)
 .bss           0x00000000200000c8       0x1c C:/ST/STM32CubeIDE_1.13.2/STM32CubeIDE/plugins/com.st.stm32cube.ide.mcu.externaltools.gnu-tools-for-stm32.11.3.rel1.win32_1.1.1.202309131626/tools/bin/../lib/gcc/arm-none-eabi/11.3.1/thumb/v7e-m+fp/hard/crtbegin.o
 *(.bss*)
 .bss.Wheel_1   0x00000000200000e4       0x40 ./Core/Src/main.o
                0x00000000200000e4                Wheel_1
 .bss.Wheel_2   0x0000000020000124       0x40 ./Core/Src/main.o
                0x0000000020000124                Wheel_2
 .bss.Wheel_3   0x0000000020000164       0x40 ./Core/Src/main.o
                0x0000000020000164                Wheel_3
 .bss.Wheel_4   0x00000000200001a4       0x40 ./Core/Src/main.o
                0x00000000200001a4                Wheel_4
 .bss.Chain_motor
                0x00000000200001e4       0x40 ./Core/Src/main.o
                0x00000000200001e4                Chain_motor
 .bss.target_speed
                0x0000000020000224        0xc ./Core/Src/main.o
                0x0000000020000224                target_speed
 .bss.speed_wheels
                0x0000000020000230       0x10 ./Core/Src/main.o
                0x0000000020000230                speed_wheels
 .bss.now_speead
                0x0000000020000240        0xc ./Core/Src/main.o
                0x0000000020000240                now_speead
 .bss.read_speed
                0x000000002000024c       0x10 ./Core/Src/main.o
                0x000000002000024c                read_speed
 .bss.robot_speed
                0x000000002000025c        0xc ./Core/Src/main.o
                0x000000002000025c                robot_speed
 .bss.delta_fi  0x0000000020000268        0x4 ./Core/Src/main.o
                0x0000000020000268                delta_fi
 .bss.speed_U   0x000000002000026c        0x4 ./Core/Src/main.o
                0x000000002000026c                speed_U
 .bss.speed_V   0x0000000020000270        0x4 ./Core/Src/main.o
                0x0000000020000270                speed_V
 .bss.speed_W   0x0000000020000274        0x4 ./Core/Src/main.o
                0x0000000020000274                speed_W
 .bss.quest_xy  0x0000000020000278        0xc ./Core/Src/main.o
                0x0000000020000278                quest_xy
 .bss.quest_UV  0x0000000020000284        0xc ./Core/Src/main.o
                0x0000000020000284                quest_UV
 .bss.convert_xy_UV
                0x0000000020000290       0x24 ./Core/Src/main.o
                0x0000000020000290                convert_xy_UV
 .bss.inverse_converte_xy_UV
                0x00000000200002b4       0x24 ./Core/Src/main.o
                0x00000000200002b4                inverse_converte_xy_UV
 .bss.gipotinus
                0x00000000200002d8        0x4 ./Core/Src/main.o
                0x00000000200002d8                gipotinus
 .bss.quest_FI  0x00000000200002dc        0x4 ./Core/Src/main.o
                0x00000000200002dc                quest_FI
 .bss.distante  0x00000000200002e0        0x4 ./Core/Src/main.o
                0x00000000200002e0                distante
 .bss.znamya_position
                0x00000000200002e4        0x1 ./Core/Src/main.o
                0x00000000200002e4                znamya_position
 .bss.flag      0x00000000200002e5        0x1 ./Core/Src/main.o
                0x00000000200002e5                flag
 .bss.flag_onesd
                0x00000000200002e6        0x1 ./Core/Src/main.o
                0x00000000200002e6                flag_onesd
 .bss.flag_old  0x00000000200002e7        0x1 ./Core/Src/main.o
                0x00000000200002e7                flag_old
 .bss.flag_move_end
                0x00000000200002e8        0x1 ./Core/Src/main.o
                0x00000000200002e8                flag_move_end
 *fill*         0x00000000200002e9        0x3 
 .bss.rx_data   0x00000000200002ec        0x1 ./Core/Src/main.o
                0x00000000200002ec                rx_data
 *fill*         0x00000000200002ed        0x3 
 .bss.temp_data
                0x00000000200002f0       0x64 ./Core/Src/main.o
                0x00000000200002f0                temp_data
 .bss.data      0x0000000020000354       0x64 ./Core/Src/main.o
                0x0000000020000354                data
 .bss.size_data
                0x00000000200003b8        0x1 ./Core/Src/main.o
                0x00000000200003b8                size_data
 .bss.ind_data  0x00000000200003b9        0x1 ./Core/Src/main.o
                0x00000000200003b9                ind_data
 .bss.write_data
                0x00000000200003ba        0x1 ./Core/Src/main.o
                0x00000000200003ba                write_data
 .bss.check_sum
                0x00000000200003bb        0x1 ./Core/Src/main.o
                0x00000000200003bb                check_sum
 .bss.timer     0x00000000200003bc        0x4 ./Core/Src/main.o
                0x00000000200003bc                timer
 .bss.autonom_flag
                0x00000000200003c0        0x1 ./Core/Src/main.o
                0x00000000200003c0                autonom_flag
 *fill*         0x00000000200003c1        0x1 
 .bss.Enc_Counter_0
                0x00000000200003c2        0x2 ./Core/Src/stm32f4xx_it.o
                0x00000000200003c2                Enc_Counter_0
 .bss.Enc_Counter_1
                0x00000000200003c4        0x2 ./Core/Src/stm32f4xx_it.o
                0x00000000200003c4                Enc_Counter_1
 .bss.Enc_Counter_2
                0x00000000200003c6        0x2 ./Core/Src/stm32f4xx_it.o
                0x00000000200003c6                Enc_Counter_2
 .bss.Enc_Counter_3
                0x00000000200003c8        0x2 ./Core/Src/stm32f4xx_it.o
                0x00000000200003c8                Enc_Counter_3
 .bss.Enc_Counter_4
                0x00000000200003ca        0x2 ./Core/Src/stm32f4xx_it.o
                0x00000000200003ca                Enc_Counter_4
 .bss.flaging   0x00000000200003cc        0x1 ./Core/Src/stm32f4xx_it.o
                0x00000000200003cc                flaging
 *fill*         0x00000000200003cd        0x3 
 .bss.metr_chain
                0x00000000200003d0        0x4 ./Core/Src/stm32f4xx_it.o
                0x00000000200003d0                metr_chain
 .bss.result_speed_0
                0x00000000200003d4        0x4 ./Core/Src/stm32f4xx_it.o
                0x00000000200003d4                result_speed_0
 .bss.result_speed_1
                0x00000000200003d8        0x4 ./Core/Src/stm32f4xx_it.o
                0x00000000200003d8                result_speed_1
 .bss.result_speed_2
                0x00000000200003dc        0x4 ./Core/Src/stm32f4xx_it.o
                0x00000000200003dc                result_speed_2
 .bss.result_speed_3
                0x00000000200003e0        0x4 ./Core/Src/stm32f4xx_it.o
                0x00000000200003e0                result_speed_3
 .bss.result_speed_grab
                0x00000000200003e4        0x4 ./Core/Src/stm32f4xx_it.o
                0x00000000200003e4                result_speed_grab
 .bss.UV_convert_xy
                0x00000000200003e8       0x10 ./Core/Src/stm32f4xx_it.o
                0x00000000200003e8                UV_convert_xy
 .bss.delta_UV  0x00000000200003f8        0x8 ./Core/Src/stm32f4xx_it.o
                0x00000000200003f8                delta_UV
 .bss.delta_XY  0x0000000020000400        0x8 ./Core/Src/stm32f4xx_it.o
                0x0000000020000400                delta_XY
 .bss.position_x
                0x0000000020000408        0x4 ./Core/Src/stm32f4xx_it.o
                0x0000000020000408                position_x
 .bss.position_y
                0x000000002000040c        0x4 ./Core/Src/stm32f4xx_it.o
                0x000000002000040c                position_y
 .bss.state_autonom
                0x0000000020000410        0x4 ./Core/Src/stm32f4xx_it.o
                0x0000000020000410                state_autonom
 .bss.state_flag
                0x0000000020000414        0x4 ./Core/Src/stm32f4xx_it.o
                0x0000000020000414                state_flag
 .bss.htim1     0x0000000020000418       0x48 ./Core/Src/tim.o
                0x0000000020000418                htim1
 .bss.htim2     0x0000000020000460       0x48 ./Core/Src/tim.o
                0x0000000020000460                htim2
 .bss.htim3     0x00000000200004a8       0x48 ./Core/Src/tim.o
                0x00000000200004a8                htim3
 .bss.htim4     0x00000000200004f0       0x48 ./Core/Src/tim.o
                0x00000000200004f0                htim4
 .bss.htim5     0x0000000020000538       0x48 ./Core/Src/tim.o
                0x0000000020000538                htim5
 .bss.htim6     0x0000000020000580       0x48 ./Core/Src/tim.o
                0x0000000020000580                htim6
 .bss.htim7     0x00000000200005c8       0x48 ./Core/Src/tim.o
                0x00000000200005c8                htim7
 .bss.htim8     0x0000000020000610       0x48 ./Core/Src/tim.o
                0x0000000020000610                htim8
 .bss.htim9     0x0000000020000658       0x48 ./Core/Src/tim.o
                0x0000000020000658                htim9
 .bss.htim10    0x00000000200006a0       0x48 ./Core/Src/tim.o
                0x00000000200006a0                htim10
 .bss.htim11    0x00000000200006e8       0x48 ./Core/Src/tim.o
                0x00000000200006e8                htim11
 .bss.htim12    0x0000000020000730       0x48 ./Core/Src/tim.o
                0x0000000020000730                htim12
 .bss.huart1    0x0000000020000778       0x44 ./Core/Src/usart.o
                0x0000000020000778                huart1
 .bss.huart2    0x00000000200007bc       0x44 ./Core/Src/usart.o
                0x00000000200007bc                huart2
 .bss.hdma_usart1_rx
                0x0000000020000800       0x60 ./Core/Src/usart.o
                0x0000000020000800                hdma_usart1_rx
 .bss.hdma_usart2_rx
                0x0000000020000860       0x60 ./Core/Src/usart.o
                0x0000000020000860                hdma_usart2_rx
 .bss.uwTick    0x00000000200008c0        0x4 ./Drivers/STM32F4xx_HAL_Driver/Src/stm32f4xx_hal.o
                0x00000000200008c0                uwTick
 .bss.__sf      0x00000000200008c4      0x138 C:/ST/STM32CubeIDE_1.13.2/STM32CubeIDE/plugins/com.st.stm32cube.ide.mcu.externaltools.gnu-tools-for-stm32.11.3.rel1.win32_1.1.1.202309131626/tools/bin/../lib/gcc/arm-none-eabi/11.3.1/../../../../arm-none-eabi/lib/thumb/v7e-m+fp/hard\libc_nano.a(libc_a-findfp.o)
                0x00000000200008c4                __sf
 *(COMMON)
                0x00000000200009fc                . = ALIGN (0x4)
                0x00000000200009fc                _ebss = .
                0x00000000200009fc                __bss_end__ = _ebss

._user_heap_stack
                0x00000000200009fc      0x604
                0x0000000020000a00                . = ALIGN (0x8)
 *fill*         0x00000000200009fc        0x4 
                [!provide]                        PROVIDE (end = .)
                0x0000000020000a00                PROVIDE (_end = .)
                0x0000000020000c00                . = (. + _Min_Heap_Size)
 *fill*         0x0000000020000a00      0x200 
                0x0000000020001000                . = (. + _Min_Stack_Size)
 *fill*         0x0000000020000c00      0x400 
                0x0000000020001000                . = ALIGN (0x8)

/DISCARD/
 libc.a(*)
 libm.a(*)
 libgcc.a(*)

.ARM.attributes
                0x0000000000000000       0x30
 *(.ARM.attributes)
 .ARM.attributes
                0x0000000000000000       0x1e C:/ST/STM32CubeIDE_1.13.2/STM32CubeIDE/plugins/com.st.stm32cube.ide.mcu.externaltools.gnu-tools-for-stm32.11.3.rel1.win32_1.1.1.202309131626/tools/bin/../lib/gcc/arm-none-eabi/11.3.1/thumb/v7e-m+fp/hard/crti.o
 .ARM.attributes
                0x000000000000001e       0x34 C:/ST/STM32CubeIDE_1.13.2/STM32CubeIDE/plugins/com.st.stm32cube.ide.mcu.externaltools.gnu-tools-for-stm32.11.3.rel1.win32_1.1.1.202309131626/tools/bin/../lib/gcc/arm-none-eabi/11.3.1/thumb/v7e-m+fp/hard/crtbegin.o
 .ARM.attributes
                0x0000000000000052       0x34 ./Core/Src/dma.o
 .ARM.attributes
                0x0000000000000086       0x34 ./Core/Src/gpio.o
 .ARM.attributes
                0x00000000000000ba       0x34 ./Core/Src/main.o
 .ARM.attributes
                0x00000000000000ee       0x34 ./Core/Src/stm32f4xx_hal_msp.o
 .ARM.attributes
                0x0000000000000122       0x34 ./Core/Src/stm32f4xx_it.o
 .ARM.attributes
                0x0000000000000156       0x34 ./Core/Src/system_stm32f4xx.o
 .ARM.attributes
                0x000000000000018a       0x34 ./Core/Src/tim.o
 .ARM.attributes
                0x00000000000001be       0x34 ./Core/Src/usart.o
 .ARM.attributes
                0x00000000000001f2       0x21 ./Core/Startup/startup_stm32f407vgtx.o
 .ARM.attributes
                0x0000000000000213       0x34 ./Drivers/STM32F4xx_HAL_Driver/Src/stm32f4xx_hal.o
 .ARM.attributes
                0x0000000000000247       0x34 ./Drivers/STM32F4xx_HAL_Driver/Src/stm32f4xx_hal_cortex.o
 .ARM.attributes
                0x000000000000027b       0x34 ./Drivers/STM32F4xx_HAL_Driver/Src/stm32f4xx_hal_dma.o
 .ARM.attributes
                0x00000000000002af       0x34 ./Drivers/STM32F4xx_HAL_Driver/Src/stm32f4xx_hal_gpio.o
 .ARM.attributes
                0x00000000000002e3       0x34 ./Drivers/STM32F4xx_HAL_Driver/Src/stm32f4xx_hal_rcc.o
 .ARM.attributes
                0x0000000000000317       0x34 ./Drivers/STM32F4xx_HAL_Driver/Src/stm32f4xx_hal_tim.o
 .ARM.attributes
                0x000000000000034b       0x34 ./Drivers/STM32F4xx_HAL_Driver/Src/stm32f4xx_hal_tim_ex.o
 .ARM.attributes
                0x000000000000037f       0x34 ./Drivers/STM32F4xx_HAL_Driver/Src/stm32f4xx_hal_uart.o
 .ARM.attributes
                0x00000000000003b3       0x34 C:/ST/STM32CubeIDE_1.13.2/STM32CubeIDE/plugins/com.st.stm32cube.ide.mcu.externaltools.gnu-tools-for-stm32.11.3.rel1.win32_1.1.1.202309131626/tools/bin/../lib/gcc/arm-none-eabi/11.3.1/../../../../arm-none-eabi/lib/thumb/v7e-m+fp/hard\libc_nano.a(libc_a-findfp.o)
 .ARM.attributes
                0x00000000000003e7       0x34 C:/ST/STM32CubeIDE_1.13.2/STM32CubeIDE/plugins/com.st.stm32cube.ide.mcu.externaltools.gnu-tools-for-stm32.11.3.rel1.win32_1.1.1.202309131626/tools/bin/../lib/gcc/arm-none-eabi/11.3.1/../../../../arm-none-eabi/lib/thumb/v7e-m+fp/hard\libc_nano.a(libc_a-memset.o)
 .ARM.attributes
                0x000000000000041b       0x34 C:/ST/STM32CubeIDE_1.13.2/STM32CubeIDE/plugins/com.st.stm32cube.ide.mcu.externaltools.gnu-tools-for-stm32.11.3.rel1.win32_1.1.1.202309131626/tools/bin/../lib/gcc/arm-none-eabi/11.3.1/../../../../arm-none-eabi/lib/thumb/v7e-m+fp/hard\libc_nano.a(libc_a-impure.o)
 .ARM.attributes
                0x000000000000044f       0x34 C:/ST/STM32CubeIDE_1.13.2/STM32CubeIDE/plugins/com.st.stm32cube.ide.mcu.externaltools.gnu-tools-for-stm32.11.3.rel1.win32_1.1.1.202309131626/tools/bin/../lib/gcc/arm-none-eabi/11.3.1/../../../../arm-none-eabi/lib/thumb/v7e-m+fp/hard\libc_nano.a(libc_a-errno.o)
 .ARM.attributes
                0x0000000000000483       0x34 C:/ST/STM32CubeIDE_1.13.2/STM32CubeIDE/plugins/com.st.stm32cube.ide.mcu.externaltools.gnu-tools-for-stm32.11.3.rel1.win32_1.1.1.202309131626/tools/bin/../lib/gcc/arm-none-eabi/11.3.1/../../../../arm-none-eabi/lib/thumb/v7e-m+fp/hard\libc_nano.a(libc_a-init.o)
 .ARM.attributes
                0x00000000000004b7       0x34 C:/ST/STM32CubeIDE_1.13.2/STM32CubeIDE/plugins/com.st.stm32cube.ide.mcu.externaltools.gnu-tools-for-stm32.11.3.rel1.win32_1.1.1.202309131626/tools/bin/../lib/gcc/arm-none-eabi/11.3.1/../../../../arm-none-eabi/lib/thumb/v7e-m+fp/hard\libc_nano.a(libc_a-memcpy-stub.o)
 .ARM.attributes
                0x00000000000004eb       0x34 C:/ST/STM32CubeIDE_1.13.2/STM32CubeIDE/plugins/com.st.stm32cube.ide.mcu.externaltools.gnu-tools-for-stm32.11.3.rel1.win32_1.1.1.202309131626/tools/bin/../lib/gcc/arm-none-eabi/11.3.1/../../../../arm-none-eabi/lib/thumb/v7e-m+fp/hard\libm.a(libm_a-s_cos.o)
 .ARM.attributes
                0x000000000000051f       0x34 C:/ST/STM32CubeIDE_1.13.2/STM32CubeIDE/plugins/com.st.stm32cube.ide.mcu.externaltools.gnu-tools-for-stm32.11.3.rel1.win32_1.1.1.202309131626/tools/bin/../lib/gcc/arm-none-eabi/11.3.1/../../../../arm-none-eabi/lib/thumb/v7e-m+fp/hard\libm.a(libm_a-s_sin.o)
 .ARM.attributes
                0x0000000000000553       0x34 C:/ST/STM32CubeIDE_1.13.2/STM32CubeIDE/plugins/com.st.stm32cube.ide.mcu.externaltools.gnu-tools-for-stm32.11.3.rel1.win32_1.1.1.202309131626/tools/bin/../lib/gcc/arm-none-eabi/11.3.1/../../../../arm-none-eabi/lib/thumb/v7e-m+fp/hard\libm.a(libm_a-wf_sqrt.o)
 .ARM.attributes
                0x0000000000000587       0x34 C:/ST/STM32CubeIDE_1.13.2/STM32CubeIDE/plugins/com.st.stm32cube.ide.mcu.externaltools.gnu-tools-for-stm32.11.3.rel1.win32_1.1.1.202309131626/tools/bin/../lib/gcc/arm-none-eabi/11.3.1/../../../../arm-none-eabi/lib/thumb/v7e-m+fp/hard\libm.a(libm_a-ef_sqrt.o)
 .ARM.attributes
                0x00000000000005bb       0x34 C:/ST/STM32CubeIDE_1.13.2/STM32CubeIDE/plugins/com.st.stm32cube.ide.mcu.externaltools.gnu-tools-for-stm32.11.3.rel1.win32_1.1.1.202309131626/tools/bin/../lib/gcc/arm-none-eabi/11.3.1/../../../../arm-none-eabi/lib/thumb/v7e-m+fp/hard\libm.a(libm_a-k_cos.o)
 .ARM.attributes
                0x00000000000005ef       0x34 C:/ST/STM32CubeIDE_1.13.2/STM32CubeIDE/plugins/com.st.stm32cube.ide.mcu.externaltools.gnu-tools-for-stm32.11.3.rel1.win32_1.1.1.202309131626/tools/bin/../lib/gcc/arm-none-eabi/11.3.1/../../../../arm-none-eabi/lib/thumb/v7e-m+fp/hard\libm.a(libm_a-k_sin.o)
 .ARM.attributes
                0x0000000000000623       0x34 C:/ST/STM32CubeIDE_1.13.2/STM32CubeIDE/plugins/com.st.stm32cube.ide.mcu.externaltools.gnu-tools-for-stm32.11.3.rel1.win32_1.1.1.202309131626/tools/bin/../lib/gcc/arm-none-eabi/11.3.1/../../../../arm-none-eabi/lib/thumb/v7e-m+fp/hard\libm.a(libm_a-e_rem_pio2.o)
 .ARM.attributes
                0x0000000000000657       0x34 C:/ST/STM32CubeIDE_1.13.2/STM32CubeIDE/plugins/com.st.stm32cube.ide.mcu.externaltools.gnu-tools-for-stm32.11.3.rel1.win32_1.1.1.202309131626/tools/bin/../lib/gcc/arm-none-eabi/11.3.1/../../../../arm-none-eabi/lib/thumb/v7e-m+fp/hard\libm.a(libm_a-s_fabs.o)
 .ARM.attributes
                0x000000000000068b       0x34 C:/ST/STM32CubeIDE_1.13.2/STM32CubeIDE/plugins/com.st.stm32cube.ide.mcu.externaltools.gnu-tools-for-stm32.11.3.rel1.win32_1.1.1.202309131626/tools/bin/../lib/gcc/arm-none-eabi/11.3.1/../../../../arm-none-eabi/lib/thumb/v7e-m+fp/hard\libm.a(libm_a-k_rem_pio2.o)
 .ARM.attributes
                0x00000000000006bf       0x34 C:/ST/STM32CubeIDE_1.13.2/STM32CubeIDE/plugins/com.st.stm32cube.ide.mcu.externaltools.gnu-tools-for-stm32.11.3.rel1.win32_1.1.1.202309131626/tools/bin/../lib/gcc/arm-none-eabi/11.3.1/../../../../arm-none-eabi/lib/thumb/v7e-m+fp/hard\libm.a(libm_a-s_scalbn.o)
 .ARM.attributes
                0x00000000000006f3       0x34 C:/ST/STM32CubeIDE_1.13.2/STM32CubeIDE/plugins/com.st.stm32cube.ide.mcu.externaltools.gnu-tools-for-stm32.11.3.rel1.win32_1.1.1.202309131626/tools/bin/../lib/gcc/arm-none-eabi/11.3.1/../../../../arm-none-eabi/lib/thumb/v7e-m+fp/hard\libm.a(libm_a-s_floor.o)
 .ARM.attributes
                0x0000000000000727       0x1e C:/ST/STM32CubeIDE_1.13.2/STM32CubeIDE/plugins/com.st.stm32cube.ide.mcu.externaltools.gnu-tools-for-stm32.11.3.rel1.win32_1.1.1.202309131626/tools/bin/../lib/gcc/arm-none-eabi/11.3.1/thumb/v7e-m+fp/hard\libgcc.a(_arm_addsubdf3.o)
 .ARM.attributes
                0x0000000000000745       0x1e C:/ST/STM32CubeIDE_1.13.2/STM32CubeIDE/plugins/com.st.stm32cube.ide.mcu.externaltools.gnu-tools-for-stm32.11.3.rel1.win32_1.1.1.202309131626/tools/bin/../lib/gcc/arm-none-eabi/11.3.1/thumb/v7e-m+fp/hard\libgcc.a(_arm_muldivdf3.o)
 .ARM.attributes
                0x0000000000000763       0x1e C:/ST/STM32CubeIDE_1.13.2/STM32CubeIDE/plugins/com.st.stm32cube.ide.mcu.externaltools.gnu-tools-for-stm32.11.3.rel1.win32_1.1.1.202309131626/tools/bin/../lib/gcc/arm-none-eabi/11.3.1/thumb/v7e-m+fp/hard\libgcc.a(_arm_cmpdf2.o)
 .ARM.attributes
                0x0000000000000781       0x1e C:/ST/STM32CubeIDE_1.13.2/STM32CubeIDE/plugins/com.st.stm32cube.ide.mcu.externaltools.gnu-tools-for-stm32.11.3.rel1.win32_1.1.1.202309131626/tools/bin/../lib/gcc/arm-none-eabi/11.3.1/thumb/v7e-m+fp/hard\libgcc.a(_arm_fixdfsi.o)
 .ARM.attributes
                0x000000000000079f       0x1e C:/ST/STM32CubeIDE_1.13.2/STM32CubeIDE/plugins/com.st.stm32cube.ide.mcu.externaltools.gnu-tools-for-stm32.11.3.rel1.win32_1.1.1.202309131626/tools/bin/../lib/gcc/arm-none-eabi/11.3.1/thumb/v7e-m+fp/hard\libgcc.a(_arm_truncdfsf2.o)
 .ARM.attributes
                0x00000000000007bd       0x1e C:/ST/STM32CubeIDE_1.13.2/STM32CubeIDE/plugins/com.st.stm32cube.ide.mcu.externaltools.gnu-tools-for-stm32.11.3.rel1.win32_1.1.1.202309131626/tools/bin/../lib/gcc/arm-none-eabi/11.3.1/thumb/v7e-m+fp/hard\libgcc.a(_aeabi_uldivmod.o)
 .ARM.attributes
                0x00000000000007db       0x34 C:/ST/STM32CubeIDE_1.13.2/STM32CubeIDE/plugins/com.st.stm32cube.ide.mcu.externaltools.gnu-tools-for-stm32.11.3.rel1.win32_1.1.1.202309131626/tools/bin/../lib/gcc/arm-none-eabi/11.3.1/thumb/v7e-m+fp/hard\libgcc.a(_udivmoddi4.o)
 .ARM.attributes
                0x000000000000080f       0x1e C:/ST/STM32CubeIDE_1.13.2/STM32CubeIDE/plugins/com.st.stm32cube.ide.mcu.externaltools.gnu-tools-for-stm32.11.3.rel1.win32_1.1.1.202309131626/tools/bin/../lib/gcc/arm-none-eabi/11.3.1/thumb/v7e-m+fp/hard\libgcc.a(_dvmd_tls.o)
 .ARM.attributes
                0x000000000000082d       0x1e C:/ST/STM32CubeIDE_1.13.2/STM32CubeIDE/plugins/com.st.stm32cube.ide.mcu.externaltools.gnu-tools-for-stm32.11.3.rel1.win32_1.1.1.202309131626/tools/bin/../lib/gcc/arm-none-eabi/11.3.1/thumb/v7e-m+fp/hard/crtn.o
OUTPUT(ftc_probe.elf elf32-littlearm)
LOAD linker stubs
LOAD C:/ST/STM32CubeIDE_1.13.2/STM32CubeIDE/plugins/com.st.stm32cube.ide.mcu.externaltools.gnu-tools-for-stm32.11.3.rel1.win32_1.1.1.202309131626/tools/bin/../lib/gcc/arm-none-eabi/11.3.1/../../../../arm-none-eabi/lib/thumb/v7e-m+fp/hard\libc.a
LOAD C:/ST/STM32CubeIDE_1.13.2/STM32CubeIDE/plugins/com.st.stm32cube.ide.mcu.externaltools.gnu-tools-for-stm32.11.3.rel1.win32_1.1.1.202309131626/tools/bin/../lib/gcc/arm-none-eabi/11.3.1/../../../../arm-none-eabi/lib/thumb/v7e-m+fp/hard\libm.a
LOAD C:/ST/STM32CubeIDE_1.13.2/STM32CubeIDE/plugins/com.st.stm32cube.ide.mcu.externaltools.gnu-tools-for-stm32.11.3.rel1.win32_1.1.1.202309131626/tools/bin/../lib/gcc/arm-none-eabi/11.3.1/thumb/v7e-m+fp/hard\libgcc.a

.comment        0x0000000000000000       0x43
 .comment       0x0000000000000000       0x43 C:/ST/STM32CubeIDE_1.13.2/STM32CubeIDE/plugins/com.st.stm32cube.ide.mcu.externaltools.gnu-tools-for-stm32.11.3.rel1.win32_1.1.1.202309131626/tools/bin/../lib/gcc/arm-none-eabi/11.3.1/thumb/v7e-m+fp/hard/crtbegin.o
                                         0x44 (size before relaxing)
 .comment       0x0000000000000043       0x44 ./Core/Src/dma.o
 .comment       0x0000000000000043       0x44 ./Core/Src/gpio.o
 .comment       0x0000000000000043       0x44 ./Core/Src/main.o
 .comment       0x0000000000000043       0x44 ./Core/Src/stm32f4xx_hal_msp.o
 .comment       0x0000000000000043       0x44 ./Core/Src/stm32f4xx_it.o
 .comment       0x0000000000000043       0x44 ./Core/Src/system_stm32f4xx.o
 .comment       0x0000000000000043       0x44 ./Core/Src/tim.o
 .comment       0x0000000000000043       0x44 ./Core/Src/usart.o
 .comment       0x0000000000000043       0x44 ./Drivers/STM32F4xx_HAL_Driver/Src/stm32f4xx_hal.o
 .comment       0x0000000000000043       0x44 ./Drivers/STM32F4xx_HAL_Driver/Src/stm32f4xx_hal_cortex.o
 .comment       0x0000000000000043       0x44 ./Drivers/STM32F4xx_HAL_Driver/Src/stm32f4xx_hal_dma.o
 .comment       0x0000000000000043       0x44 ./Drivers/STM32F4xx_HAL_Driver/Src/stm32f4xx_hal_gpio.o
 .comment       0x0000000000000043       0x44 ./Drivers/STM32F4xx_HAL_Driver/Src/stm32f4xx_hal_rcc.o
 .comment       0x0000000000000043       0x44 ./Drivers/STM32F4xx_HAL_Driver/Src/stm32f4xx_hal_tim.o
 .comment       0x0000000000000043       0x44 ./Drivers/STM32F4xx_HAL_Driver/Src/stm32f4xx_hal_tim_ex.o
 .comment       0x0000000000000043       0x44 ./Drivers/STM32F4xx_HAL_Driver/Src/stm32f4xx_hal_uart.o

.debug_info     0x0000000000000000     0xfbf0
 .debug_info    0x0000000000000000      0x4cd ./Core/Src/dma.o
 .debug_info    0x00000000000004cd      0x460 ./Core/Src/gpio.o
 .debug_info    0x000000000000092d     0x1fab ./Core/Src/main.o
 .debug_info    0x00000000000028d8      0x283 ./Core/Src/stm32f4xx_hal_msp.o
 .debug_info    0x0000000000002b5b      0xeb4 ./Core/Src/stm32f4xx_it.o
 .debug_info    0x0000000000003a0f      0x512 ./Core/Src/system_stm32f4xx.o
 .debug_info    0x0000000000003f21     0x13fc ./Core/Src/tim.o
 .debug_info    0x000000000000531d      0xc19 ./Core/Src/usart.o
 .debug_info    0x0000000000005f36       0x23 ./Core/Startup/startup_stm32f407vgtx.o
 .debug_info    0x0000000000005f59      0x948 ./Drivers/STM32F4xx_HAL_Driver/Src/stm32f4xx_hal.o
 .debug_info    0x00000000000068a1      0xd46 ./Drivers/STM32F4xx_HAL_Driver/Src/stm32f4xx_hal_cortex.o
 .debug_info    0x00000000000075e7      0x8e7 ./Drivers/STM32F4xx_HAL_Driver/Src/stm32f4xx_hal_dma.o
 .debug_info    0x0000000000007ece      0x6c3 ./Drivers/STM32F4xx_HAL_Driver/Src/stm32f4xx_hal_gpio.o
 .debug_info    0x0000000000008591      0x8b1 ./Drivers/STM32F4xx_HAL_Driver/Src/stm32f4xx_hal_rcc.o
 .debug_info    0x0000000000008e42     0x2948 ./Drivers/STM32F4xx_HAL_Driver/Src/stm32f4xx_hal_tim.o
 .debug_info    0x000000000000b78a     0x14ae ./Drivers/STM32F4xx_HAL_Driver/Src/stm32f4xx_hal_tim_ex.o
 .debug_info    0x000000000000cc38     0x2fb8 ./Drivers/STM32F4xx_HAL_Driver/Src/stm32f4xx_hal_uart.o

.debug_abbrev   0x0000000000000000     0x23eb
 .debug_abbrev  0x0000000000000000      0x11b ./Core/Src/dma.o
 .debug_abbrev  0x000000000000011b      0x152 ./Core/Src/gpio.o
 .debug_abbrev  0x000000000000026d      0x42b ./Core/Src/main.o
 .debug_abbrev  0x0000000000000698       0xf4 ./Core/Src/stm32f4xx_hal_msp.o
 .debug_abbrev  0x000000000000078c      0x24e ./Core/Src/stm32f4xx_it.o
 .debug_abbrev  0x00000000000009da      0x11a ./Core/Src/system_stm32f4xx.o
 .debug_abbrev  0x0000000000000af4      0x28e ./Core/Src/tim.o
 .debug_abbrev  0x0000000000000d82      0x234 ./Core/Src/usart.o
 .debug_abbrev  0x0000000000000fb6       0x12 ./Core/Startup/startup_stm32f407vgtx.o
 .debug_abbrev  0x0000000000000fc8      0x213 ./Drivers/STM32F4xx_HAL_Driver/Src/stm32f4xx_hal.o
 .debug_abbrev  0x00000000000011db      0x327 ./Drivers/STM32F4xx_HAL_Driver/Src/stm32f4xx_hal_cortex.o
 .debug_abbrev  0x0000000000001502      0x264 ./Drivers/STM32F4xx_HAL_Driver/Src/stm32f4xx_hal_dma.o
 .debug_abbrev  0x0000000000001766      0x1d4 ./Drivers/STM32F4xx_HAL_Driver/Src/stm32f4xx_hal_gpio.o
 .debug_abbrev  0x000000000000193a      0x2b6 ./Drivers/STM32F4xx_HAL_Driver/Src/stm32f4xx_hal_rcc.o
 .debug_abbrev  0x0000000000001bf0      0x271 ./Drivers/STM32F4xx_HAL_Driver/Src/stm32f4xx_hal_tim.o
 .debug_abbrev  0x0000000000001e61      0x27c ./Drivers/STM32F4xx_HAL_Driver/Src/stm32f4xx_hal_tim_ex.o
 .debug_abbrev  0x00000000000020dd      0x30e ./Drivers/STM32F4xx_HAL_Driver/Src/stm32f4xx_hal_uart.o

.debug_aranges  0x0000000000000000      0xdd8
 .debug_aranges
                0x0000000000000000       0x20 ./Core/Src/dma.o
 .debug_aranges
                0x0000000000000020       0x20 ./Core/Src/gpio.o
 .debug_aranges
                0x0000000000000040      0x108 ./Core/Src/main.o
 .debug_aranges
                0x0000000000000148       0x20 ./Core/Src/stm32f4xx_hal_msp.o
 .debug_aranges
                0x0000000000000168       0x88 ./Core/Src/stm32f4xx_it.o
 .debug_aranges
                0x00000000000001f0       0x28 ./Core/Src/system_stm32f4xx.o
 .debug_aranges
                0x0000000000000218       0xb0 ./Core/Src/tim.o
 .debug_aranges
                0x00000000000002c8       0x38 ./Core/Src/usart.o
 .debug_aranges
                0x0000000000000300       0x28 ./Core/Startup/startup_stm32f407vgtx.o
 .debug_aranges
                0x0000000000000328       0xf0 ./Drivers/STM32F4xx_HAL_Driver/Src/stm32f4xx_hal.o
 .debug_aranges
                0x0000000000000418      0x118 ./Drivers/STM32F4xx_HAL_Driver/Src/stm32f4xx_hal_cortex.o
 .debug_aranges
                0x0000000000000530       0x90 ./Drivers/STM32F4xx_HAL_Driver/Src/stm32f4xx_hal_dma.o
 .debug_aranges
                0x00000000000005c0       0x58 ./Drivers/STM32F4xx_HAL_Driver/Src/stm32f4xx_hal_gpio.o
 .debug_aranges
                0x0000000000000618       0x88 ./Drivers/STM32F4xx_HAL_Driver/Src/stm32f4xx_hal_rcc.o
 .debug_aranges
                0x00000000000006a0      0x3d0 ./Drivers/STM32F4xx_HAL_Driver/Src/stm32f4xx_hal_tim.o
 .debug_aranges
                0x0000000000000a70      0x168 ./Drivers/STM32F4xx_HAL_Driver/Src/stm32f4xx_hal_tim_ex.o
 .debug_aranges
                0x0000000000000bd8      0x200 ./Drivers/STM32F4xx_HAL_Driver/Src/stm32f4xx_hal_uart.o

.debug_rnglists
                0x0000000000000000      0xaed
 .debug_rnglists
                0x0000000000000000       0x13 ./Core/Src/dma.o
 .debug_rnglists
                0x0000000000000013       0x14 ./Core/Src/gpio.o
 .debug_rnglists
                0x0000000000000027       0xe3 ./Core/Src/main.o
 .debug_rnglists
                0x000000000000010a       0x13 ./Core/Src/stm32f4xx_hal_msp.o
 .debug_rnglists
                0x000000000000011d       0x62 ./Core/Src/stm32f4xx_it.o
 .debug_rnglists
                0x000000000000017f       0x1a ./Core/Src/system_stm32f4xx.o
 .debug_rnglists
                0x0000000000000199       0x8d ./Core/Src/tim.o
 .debug_rnglists
                0x0000000000000226       0x26 ./Core/Src/usart.o
 .debug_rnglists
                0x000000000000024c       0x19 ./Core/Startup/startup_stm32f407vgtx.o
 .debug_rnglists
                0x0000000000000265       0xaf ./Drivers/STM32F4xx_HAL_Driver/Src/stm32f4xx_hal.o
 .debug_rnglists
                0x0000000000000314       0xce ./Drivers/STM32F4xx_HAL_Driver/Src/stm32f4xx_hal_cortex.o
 .debug_rnglists
                0x00000000000003e2       0x70 ./Drivers/STM32F4xx_HAL_Driver/Src/stm32f4xx_hal_dma.o
 .debug_rnglists
                0x0000000000000452       0x3f ./Drivers/STM32F4xx_HAL_Driver/Src/stm32f4xx_hal_gpio.o
 .debug_rnglists
                0x0000000000000491       0x66 ./Drivers/STM32F4xx_HAL_Driver/Src/stm32f4xx_hal_rcc.o
 .debug_rnglists
                0x00000000000004f7      0x31a ./Drivers/STM32F4xx_HAL_Driver/Src/stm32f4xx_hal_tim.o
 .debug_rnglists
                0x0000000000000811      0x125 ./Drivers/STM32F4xx_HAL_Driver/Src/stm32f4xx_hal_tim_ex.o
 .debug_rnglists
                0x0000000000000936      0x1b7 ./Drivers/STM32F4xx_HAL_Driver/Src/stm32f4xx_hal_uart.o

.debug_macro    0x0000000000000000    0x21743
 .debug_macro   0x0000000000000000      0x1e7 ./Core/Src/dma.o
 .debug_macro   0x00000000000001e7      0xaa8 ./Core/Src/dma.o
 .debug_macro   0x0000000000000c8f      0x29b ./Core/Src/dma.o
 .debug_macro   0x0000000000000f2a       0x2e ./Core/Src/dma.o
 .debug_macro   0x0000000000000f58       0x2f ./Core/Src/dma.o
 .debug_macro   0x0000000000000f87       0x22 ./Core/Src/dma.o
 .debug_macro   0x0000000000000fa9       0x8e ./Core/Src/dma.o
 .debug_macro   0x0000000000001037       0x51 ./Core/Src/dma.o
 .debug_macro   0x0000000000001088      0x103 ./Core/Src/dma.o
 .debug_macro   0x000000000000118b       0x6a ./Core/Src/dma.o
 .debug_macro   0x00000000000011f5      0x1df ./Core/Src/dma.o
 .debug_macro   0x00000000000013d4       0x1c ./Core/Src/dma.o
 .debug_macro   0x00000000000013f0       0x22 ./Core/Src/dma.o
 .debug_macro   0x0000000000001412       0xd9 ./Core/Src/dma.o
 .debug_macro   0x00000000000014eb     0x102d ./Core/Src/dma.o
 .debug_macro   0x0000000000002518      0x11f ./Core/Src/dma.o
 .debug_macro   0x0000000000002637    0x15e82 ./Core/Src/dma.o
 .debug_macro   0x00000000000184b9       0x6d ./Core/Src/dma.o
 .debug_macro   0x0000000000018526     0x367e ./Core/Src/dma.o
 .debug_macro   0x000000000001bba4      0x174 ./Core/Src/dma.o
 .debug_macro   0x000000000001bd18       0x5c ./Core/Src/dma.o
 .debug_macro   0x000000000001bd74      0x96b ./Core/Src/dma.o
 .debug_macro   0x000000000001c6df      0x9fe ./Core/Src/dma.o
 .debug_macro   0x000000000001d0dd      0x115 ./Core/Src/dma.o
 .debug_macro   0x000000000001d1f2      0x13e ./Core/Src/dma.o
 .debug_macro   0x000000000001d330       0xa5 ./Core/Src/dma.o
 .debug_macro   0x000000000001d3d5      0x174 ./Core/Src/dma.o
 .debug_macro   0x000000000001d549      0x287 ./Core/Src/dma.o
 .debug_macro   0x000000000001d7d0       0x5f ./Core/Src/dma.o
 .debug_macro   0x000000000001d82f      0x236 ./Core/Src/dma.o
 .debug_macro   0x000000000001da65      0x12c ./Core/Src/dma.o
 .debug_macro   0x000000000001db91      0x21e ./Core/Src/dma.o
 .debug_macro   0x000000000001ddaf       0x2e ./Core/Src/dma.o
 .debug_macro   0x000000000001dddd      0x11a ./Core/Src/dma.o
 .debug_macro   0x000000000001def7       0x7e ./Core/Src/dma.o
 .debug_macro   0x000000000001df75       0x89 ./Core/Src/dma.o
 .debug_macro   0x000000000001dffe      0x8e6 ./Core/Src/dma.o
 .debug_macro   0x000000000001e8e4       0x47 ./Core/Src/dma.o
 .debug_macro   0x000000000001e92b      0x295 ./Core/Src/dma.o
 .debug_macro   0x000000000001ebc0      0x12d ./Core/Src/dma.o
 .debug_macro   0x000000000001eced      0x2c0 ./Core/Src/dma.o
 .debug_macro   0x000000000001efad      0x1e7 ./Core/Src/gpio.o
 .debug_macro   0x000000000001f194      0x2ff ./Core/Src/main.o
 .debug_macro   0x000000000001f493       0x22 ./Core/Src/main.o
 .debug_macro   0x000000000001f4b5       0x61 ./Core/Src/main.o
 .debug_macro   0x000000000001f516       0x2a ./Core/Src/main.o
 .debug_macro   0x000000000001f540       0x43 ./Core/Src/main.o
 .debug_macro   0x000000000001f583       0x34 ./Core/Src/main.o
 .debug_macro   0x000000000001f5b7       0x16 ./Core/Src/main.o
 .debug_macro   0x000000000001f5cd       0x43 ./Core/Src/main.o
 .debug_macro   0x000000000001f610       0x34 ./Core/Src/main.o
 .debug_macro   0x000000000001f644       0x10 ./Core/Src/main.o
 .debug_macro   0x000000000001f654       0x58 ./Core/Src/main.o
 .debug_macro   0x000000000001f6ac       0x8e ./Core/Src/main.o
 .debug_macro   0x000000000001f73a       0x1c ./Core/Src/main.o
 .debug_macro   0x000000000001f756      0x177 ./Core/Src/main.o
 .debug_macro   0x000000000001f8cd      0x369 ./Core/Src/main.o
 .debug_macro   0x000000000001fc36       0x10 ./Core/Src/main.o
 .debug_macro   0x000000000001fc46       0x35 ./Core/Src/main.o
 .debug_macro   0x000000000001fc7b       0x20 ./Core/Src/main.o
 .debug_macro   0x000000000001fc9b      0x19b ./Core/Src/main.o
 .debug_macro   0x000000000001fe36      0x1dd ./Core/Src/stm32f4xx_hal_msp.o
 .debug_macro   0x0000000000020013      0x292 ./Core/Src/stm32f4xx_it.o
 .debug_macro   0x00000000000202a5      0x1ce ./Core/Src/system_stm32f4xx.o
 .debug_macro   0x0000000000020473      0x1e7 ./Core/Src/tim.o
 .debug_macro   0x000000000002065a      0x1e7 ./Core/Src/usart.o
 .debug_macro   0x0000000000020841      0x22e ./Drivers/STM32F4xx_HAL_Driver/Src/stm32f4xx_hal.o
 .debug_macro   0x0000000000020a6f      0x1ce ./Drivers/STM32F4xx_HAL_Driver/Src/stm32f4xx_hal_cortex.o
 .debug_macro   0x0000000000020c3d      0x1d4 ./Drivers/STM32F4xx_HAL_Driver/Src/stm32f4xx_hal_dma.o
 .debug_macro   0x0000000000020e11      0x1d4 ./Drivers/STM32F4xx_HAL_Driver/Src/stm32f4xx_hal_gpio.o
 .debug_macro   0x0000000000020fe5      0x1f2 ./Drivers/STM32F4xx_HAL_Driver/Src/stm32f4xx_hal_rcc.o
 .debug_macro   0x00000000000211d7      0x1cf ./Drivers/STM32F4xx_HAL_Driver/Src/stm32f4xx_hal_tim.o
 .debug_macro   0x00000000000213a6      0x1ce ./Drivers/STM32F4xx_HAL_Driver/Src/stm32f4xx_hal_tim_ex.o
 .debug_macro   0x0000000000021574      0x1cf ./Drivers/STM32F4xx_HAL_Driver/Src/stm32f4xx_hal_uart.o

.debug_line     0x0000000000000000    0x11676
 .debug_line    0x0000000000000000      0x745 ./Core/Src/dma.o
 .debug_line    0x0000000000000745      0x828 ./Core/Src/gpio.o
 .debug_line    0x0000000000000f6d     0x1a83 ./Core/Src/main.o
 .debug_line    0x00000000000029f0      0x748 ./Core/Src/stm32f4xx_hal_msp.o
 .debug_line    0x0000000000003138      0xb0f ./Core/Src/stm32f4xx_it.o
 .debug_line    0x0000000000003c47      0x7c8 ./Core/Src/system_stm32f4xx.o
 .debug_line    0x000000000000440f      0xd87 ./Core/Src/tim.o
 .debug_line    0x0000000000005196      0x86b ./Core/Src/usart.o
 .debug_line    0x0000000000005a01       0x7a ./Core/Startup/startup_stm32f407vgtx.o
 .debug_line    0x0000000000005a7b      0xa2e ./Drivers/STM32F4xx_HAL_Driver/Src/stm32f4xx_hal.o
 .debug_line    0x00000000000064a9      0xcdd ./Drivers/STM32F4xx_HAL_Driver/Src/stm32f4xx_hal_cortex.o
 .debug_line    0x0000000000007186      0xf92 ./Drivers/STM32F4xx_HAL_Driver/Src/stm32f4xx_hal_dma.o
 .debug_line    0x0000000000008118      0xba2 ./Drivers/STM32F4xx_HAL_Driver/Src/stm32f4xx_hal_gpio.o
 .debug_line    0x0000000000008cba      0xda7 ./Drivers/STM32F4xx_HAL_Driver/Src/stm32f4xx_hal_rcc.o
 .debug_line    0x0000000000009a61     0x371a ./Drivers/STM32F4xx_HAL_Driver/Src/stm32f4xx_hal_tim.o
 .debug_line    0x000000000000d17b     0x1a2b ./Drivers/STM32F4xx_HAL_Driver/Src/stm32f4xx_hal_tim_ex.o
 .debug_line    0x000000000000eba6     0x2ad0 ./Drivers/STM32F4xx_HAL_Driver/Src/stm32f4xx_hal_uart.o

.debug_str      0x0000000000000000    0xcbc66
 .debug_str     0x0000000000000000    0xc44e3 ./Core/Src/dma.o
                                      0xc477c (size before relaxing)
 .debug_str     0x00000000000c44e3       0xf3 ./Core/Src/gpio.o
                                      0xc433c (size before relaxing)
 .debug_str     0x00000000000c45d6     0x4970 ./Core/Src/main.o
                                      0xc8dac (size before relaxing)
 .debug_str     0x00000000000c8f46       0x49 ./Core/Src/stm32f4xx_hal_msp.o
                                      0xc427c (size before relaxing)
 .debug_str     0x00000000000c8f8f      0x275 ./Core/Src/stm32f4xx_it.o
                                      0xc84ed (size before relaxing)
 .debug_str     0x00000000000c9204       0xdb ./Core/Src/system_stm32f4xx.o
                                      0xc38ed (size before relaxing)
 .debug_str     0x00000000000c92df      0x2cc ./Core/Src/tim.o
                                      0xc5109 (size before relaxing)
 .debug_str     0x00000000000c95ab       0x6d ./Core/Src/usart.o
                                      0xc4d48 (size before relaxing)
 .debug_str     0x00000000000c9618       0x34 ./Core/Startup/startup_stm32f407vgtx.o
                                         0x6c (size before relaxing)
 .debug_str     0x00000000000c964c      0x5ee ./Drivers/STM32F4xx_HAL_Driver/Src/stm32f4xx_hal.o
                                      0xc4471 (size before relaxing)
 .debug_str     0x00000000000c9c3a      0x323 ./Drivers/STM32F4xx_HAL_Driver/Src/stm32f4xx_hal_cortex.o
                                      0xc41a4 (size before relaxing)
 .debug_str     0x00000000000c9f5d      0x2f4 ./Drivers/STM32F4xx_HAL_Driver/Src/stm32f4xx_hal_dma.o
                                      0xc3d07 (size before relaxing)
 .debug_str     0x00000000000ca251      0x10b ./Drivers/STM32F4xx_HAL_Driver/Src/stm32f4xx_hal_gpio.o
                                      0xc3a68 (size before relaxing)
 .debug_str     0x00000000000ca35c      0x233 ./Drivers/STM32F4xx_HAL_Driver/Src/stm32f4xx_hal_rcc.o
                                      0xc3d21 (size before relaxing)
 .debug_str     0x00000000000ca58f      0xc88 ./Drivers/STM32F4xx_HAL_Driver/Src/stm32f4xx_hal_tim.o
                                      0xc4c67 (size before relaxing)
 .debug_str     0x00000000000cb217      0x493 ./Drivers/STM32F4xx_HAL_Driver/Src/stm32f4xx_hal_tim_ex.o
                                      0xc4483 (size before relaxing)
 .debug_str     0x00000000000cb6aa      0x5bc ./Drivers/STM32F4xx_HAL_Driver/Src/stm32f4xx_hal_uart.o
                                      0xc42c0 (size before relaxing)

.debug_frame    0x0000000000000000     0x3fd0