../Core/Src/main.c:119:6:falg_controler	4	static
../Core/Src/main.c:133:6:state_timer	16	static
../Core/Src/main.c:141:6:set_voltage_chain	16	static
../Core/Src/main.c:145:6:omron	16	static
../Core/Src/main.c:172:6:check_switches	8	static
../Core/Src/main.c:181:6:chain_control	16	static
../Core/Src/main.c:239:6:servo_control	16	static
../Core/Src/main.c:257:6:switch_lim	16	static
../Core/Src/main.c:297:6:Move_robot_coordinates_X_Y_W	56	static
../Core/Src/main.c:461:6:convertData	32	static
../Core/Src/main.c:491:6:HAL_UART_RxCpltCallback	24	static
../Core/Src/main.c:540:6:convert_chushpan	16	static
../Core/Src/main.c:573:6:convert_typedef	4	static
../Core/Src/main.c:615:6:control_mod	24	static
../Core/Src/main.c:694:6:set_voltage	16	static
../Core/Src/main.c:757:6:PID_Controller	16	static
../Core/Src/main.c:775:6:matrixCopy	32	static
../Core/Src/main.c:782:6:matrixSetCell	24	static
../Core/Src/main.c:786:6:matrixFill	32	static
../Core/Src/main.c:793:7:matrixGetCell	16	static
../Core/Src/main.c:796:6:matrixMultiplyM2M	32	static
../Core/Src/main.c:814:6:matrixMultiplyS2M	32	static
../Core/Src/main.c:821:6:matrixPlusMinus	32	static
../Core/Src/main.c:837:6:matrixTranspose	32	static
../Core/Src/main.c:843:6:matrixCofactor	440	static
../Core/Src/main.c:882:6:matrixInverse	216	static
../Core/Src/main.c:901:6:matrixDet_LU_Transform	72	static
../Core/Src/main.c:939:5:main	16	static
../Core/Src/main.c:1126:6:SystemClock_Config	88	static
../Core/Src/main.c:1176:6:Error_Handler	4	static,ignoring_inline_asm
