../Core/Src/main.c:111:6:falg_controler	4	static
../Core/Src/main.c:122:6:state_timer	16	static
../Core/Src/main.c:129:6:set_voltage_chain	16	static
../Core/Src/main.c:133:6:omron	16	static
../Core/Src/main.c:160:6:check_switches	8	static
../Core/Src/main.c:169:6:chain_control	16	static
../Core/Src/main.c:227:6:servo_control	16	static
../Core/Src/main.c:245:6:switch_lim	16	static
../Core/Src/main.c:285:6:Move_robot_coordinates_X_Y_W	56	static
../Core/Src/main.c:445:6:convertData	32	static
../Core/Src/main.c:475:6:HAL_UART_RxCpltCallback	24	static
../Core/Src/main.c:524:6:convert_chushpan	16	static
../Core/Src/main.c:557:6:convert_typedef	4	static
../Core/Src/main.c:599:6:control_mod	24	static
../Core/Src/main.c:678:6:set_voltage	16	static
../Core/Src/main.c:741:6:PID_Controller	16	static
../Core/Src/main.c:759:6:matrixCopy	32	static
../Core/Src/main.c:766:6:matrixSetCell	24	static
../Core/Src/main.c:770:6:matrixFill	32	static
../Core/Src/main.c:777:7:matrixGetCell	16	static
../Core/Src/main.c:780:6:matrixMultiplyM2M	32	static
../Core/Src/main.c:798:6:matrixMultiplyS2M	32	static
../Core/Src/main.c:805:6:matrixPlusMinus	32	static
../Core/Src/main.c:821:6:matrixTranspose	32	static
../Core/Src/main.c:827:6:matrixCofactor	440	static
../Core/Src/main.c:866:6:matrixInverse	216	static
../Core/Src/main.c:885:6:matrixDet_LU_Transform	72	static
../Core/Src/main.c:923:5:main	16	static
../Core/Src/main.c:1097:6:SystemClock_Config	88	static
../Core/Src/main.c:1147:6:Error_Handler	4	static,ignoring_inline_asm
