../Core/Src/main.c:119:6:omron	16	static
../Core/Src/main.c:148:6:set_voltage_chain	16	static
../Core/Src/main.c:158:6:check_switches	8	static
../Core/Src/main.c:164:6:chain_control	16	static
../Core/Src/main.c:226:6:servo_control	16	static
../Core/Src/main.c:246:6:chain	16	static
../Core/Src/main.c:257:6:switch_lim	16	static
../Core/Src/main.c:298:6:Move_robot_coordinates_X_Y_W	56	static
../Core/Src/main.c:435:6:convertData	32	static
../Core/Src/main.c:464:6:HAL_UART_RxCpltCallback	24	static
../Core/Src/main.c:510:6:convert_chushpan	16	static
../Core/Src/main.c:542:6:convert_typedef	4	static
../Core/Src/main.c:576:6:control_mod	24	static
../Core/Src/main.c:640:6:set_voltage	16	static
../Core/Src/main.c:688:6:PID_Controller	16	static
../Core/Src/main.c:704:6:matrixCopy	32	static
../Core/Src/main.c:712:6:matrixSetCell	24	static
../Core/Src/main.c:716:6:matrixFill	32	static
../Core/Src/main.c:724:7:matrixGetCell	16	static
../Core/Src/main.c:728:6:matrixMultiplyM2M	32	static
../Core/Src/main.c:747:6:matrixMultiplyS2M	32	static
../Core/Src/main.c:755:6:matrixPlusMinus	32	static
../Core/Src/main.c:772:6:matrixTranspose	32	static
../Core/Src/main.c:779:6:matrixCofactor	440	static
../Core/Src/main.c:824:6:matrixInverse	216	static
../Core/Src/main.c:845:6:matrixDet_LU_Transform	72	static
../Core/Src/main.c:890:5:main	8	static
../Core/Src/main.c:1045:6:SystemClock_Config	88	static
../Core/Src/main.c:1095:6:Error_Handler	4	static,ignoring_inline_asm
