../Core/Src/main.c:115:6:falg_controler	4	static
../Core/Src/main.c:132:6:state_timer	16	static
../Core/Src/main.c:140:6:set_voltage_chain	16	static
../Core/Src/main.c:144:6:omron	16	static
../Core/Src/main.c:170:6:check_switches	8	static
../Core/Src/main.c:176:6:chain_control	16	static
../Core/Src/main.c:231:6:chain_control_control	16	static
../Core/Src/main.c:273:6:servo_control	16	static
../Core/Src/main.c:291:6:Move_robot_coordinates_X_Y_W	56	static
../Core/Src/main.c:457:6:convertData	32	static
../Core/Src/main.c:487:6:HAL_UART_RxCpltCallback	24	static
../Core/Src/main.c:534:6:convert_chushpan	16	static
../Core/Src/main.c:567:6:convert_typedef	4	static
../Core/Src/main.c:609:6:control_mod	24	static
../Core/Src/main.c:688:6:set_voltage	16	static
../Core/Src/main.c:751:6:PID_Controller	16	static
../Core/Src/main.c:769:6:matrixCopy	32	static
../Core/Src/main.c:776:6:matrixSetCell	24	static
../Core/Src/main.c:780:6:matrixFill	32	static
../Core/Src/main.c:787:7:matrixGetCell	16	static
../Core/Src/main.c:790:6:matrixMultiplyM2M	32	static
../Core/Src/main.c:808:6:matrixMultiplyS2M	32	static
../Core/Src/main.c:815:6:matrixPlusMinus	32	static
../Core/Src/main.c:831:6:matrixTranspose	32	static
../Core/Src/main.c:837:6:matrixCofactor	440	static
../Core/Src/main.c:876:6:matrixInverse	216	static
../Core/Src/main.c:895:6:matrixDet_LU_Transform	72	static
../Core/Src/main.c:933:5:main	8	static
../Core/Src/main.c:1114:6:SystemClock_Config	88	static
../Core/Src/main.c:1161:6:Error_Handler	4	static,ignoring_inline_asm
