../Core/Src/stm32f4xx_it.c:103:6:NMI_Handler	4	static
../Core/Src/stm32f4xx_it.c:118:6:HardFault_Handler	4	static
../Core/Src/stm32f4xx_it.c:133:6:MemManage_Handler	4	static
../Core/Src/stm32f4xx_it.c:148:6:BusFault_Handler	4	static
../Core/Src/stm32f4xx_it.c:163:6:UsageFault_Handler	4	static
../Core/Src/stm32f4xx_it.c:178:6:SVC_Handler	4	static
../Core/Src/stm32f4xx_it.c:191:6:DebugMon_Handler	4	static
../Core/Src/stm32f4xx_it.c:204:6:PendSV_Handler	4	static
../Core/Src/stm32f4xx_it.c:217:6:SysTick_Handler	8	static
../Core/Src/stm32f4xx_it.c:238:6:USART1_IRQHandler	8	static
../Core/Src/stm32f4xx_it.c:252:6:TIM6_DAC_IRQHandler	32	static
../Core/Src/stm32f4xx_it.c:340:6:TIM7_IRQHandler	8	static
../Core/Src/stm32f4xx_it.c:354:6:DMA2_Stream2_IRQHandler	8	static
